Archive member included to satisfy reference by file (symbol)

c:/st/stm32cubeide_1.7.0/stm32cubeide/plugins/com.st.stm32cube.ide.mcu.externaltools.gnu-tools-for-stm32.9-2020-q2-update.win32_2.0.0.202105311346/tools/bin/../lib/gcc/arm-none-eabi/9.3.1/../../../../arm-none-eabi/lib/thumb/v7e-m+fp/hard\libc_nano.a(lib_a-errno.o)
                              ./Core/Src/syscalls.o (__errno)
c:/st/stm32cubeide_1.7.0/stm32cubeide/plugins/com.st.stm32cube.ide.mcu.externaltools.gnu-tools-for-stm32.9-2020-q2-update.win32_2.0.0.202105311346/tools/bin/../lib/gcc/arm-none-eabi/9.3.1/../../../../arm-none-eabi/lib/thumb/v7e-m+fp/hard\libc_nano.a(lib_a-exit.o)
                              c:/st/stm32cubeide_1.7.0/stm32cubeide/plugins/com.st.stm32cube.ide.mcu.externaltools.gnu-tools-for-stm32.9-2020-q2-update.win32_2.0.0.202105311346/tools/bin/../lib/gcc/arm-none-eabi/9.3.1/../../../../arm-none-eabi/lib/thumb/v7e-m+fp/hard/crt0.o (exit)
c:/st/stm32cubeide_1.7.0/stm32cubeide/plugins/com.st.stm32cube.ide.mcu.externaltools.gnu-tools-for-stm32.9-2020-q2-update.win32_2.0.0.202105311346/tools/bin/../lib/gcc/arm-none-eabi/9.3.1/../../../../arm-none-eabi/lib/thumb/v7e-m+fp/hard\libc_nano.a(lib_a-impure.o)
                              c:/st/stm32cubeide_1.7.0/stm32cubeide/plugins/com.st.stm32cube.ide.mcu.externaltools.gnu-tools-for-stm32.9-2020-q2-update.win32_2.0.0.202105311346/tools/bin/../lib/gcc/arm-none-eabi/9.3.1/../../../../arm-none-eabi/lib/thumb/v7e-m+fp/hard\libc_nano.a(lib_a-exit.o) (_global_impure_ptr)
c:/st/stm32cubeide_1.7.0/stm32cubeide/plugins/com.st.stm32cube.ide.mcu.externaltools.gnu-tools-for-stm32.9-2020-q2-update.win32_2.0.0.202105311346/tools/bin/../lib/gcc/arm-none-eabi/9.3.1/../../../../arm-none-eabi/lib/thumb/v7e-m+fp/hard\libc_nano.a(lib_a-init.o)
                              c:/st/stm32cubeide_1.7.0/stm32cubeide/plugins/com.st.stm32cube.ide.mcu.externaltools.gnu-tools-for-stm32.9-2020-q2-update.win32_2.0.0.202105311346/tools/bin/../lib/gcc/arm-none-eabi/9.3.1/../../../../arm-none-eabi/lib/thumb/v7e-m+fp/hard/crt0.o (__libc_init_array)
c:/st/stm32cubeide_1.7.0/stm32cubeide/plugins/com.st.stm32cube.ide.mcu.externaltools.gnu-tools-for-stm32.9-2020-q2-update.win32_2.0.0.202105311346/tools/bin/../lib/gcc/arm-none-eabi/9.3.1/../../../../arm-none-eabi/lib/thumb/v7e-m+fp/hard\libc_nano.a(lib_a-memset.o)
                              c:/st/stm32cubeide_1.7.0/stm32cubeide/plugins/com.st.stm32cube.ide.mcu.externaltools.gnu-tools-for-stm32.9-2020-q2-update.win32_2.0.0.202105311346/tools/bin/../lib/gcc/arm-none-eabi/9.3.1/../../../../arm-none-eabi/lib/thumb/v7e-m+fp/hard/crt0.o (memset)
c:/st/stm32cubeide_1.7.0/stm32cubeide/plugins/com.st.stm32cube.ide.mcu.externaltools.gnu-tools-for-stm32.9-2020-q2-update.win32_2.0.0.202105311346/tools/bin/../lib/gcc/arm-none-eabi/9.3.1/thumb/v7e-m+fp/hard\libgcc.a(_aeabi_uldivmod.o)
                              ./Drivers/STM32F4xx_HAL_Driver/Src/stm32f4xx_hal_rcc.o (__aeabi_uldivmod)
c:/st/stm32cubeide_1.7.0/stm32cubeide/plugins/com.st.stm32cube.ide.mcu.externaltools.gnu-tools-for-stm32.9-2020-q2-update.win32_2.0.0.202105311346/tools/bin/../lib/gcc/arm-none-eabi/9.3.1/thumb/v7e-m+fp/hard\libgcc.a(_udivmoddi4.o)
                              c:/st/stm32cubeide_1.7.0/stm32cubeide/plugins/com.st.stm32cube.ide.mcu.externaltools.gnu-tools-for-stm32.9-2020-q2-update.win32_2.0.0.202105311346/tools/bin/../lib/gcc/arm-none-eabi/9.3.1/thumb/v7e-m+fp/hard\libgcc.a(_aeabi_uldivmod.o) (__udivmoddi4)
c:/st/stm32cubeide_1.7.0/stm32cubeide/plugins/com.st.stm32cube.ide.mcu.externaltools.gnu-tools-for-stm32.9-2020-q2-update.win32_2.0.0.202105311346/tools/bin/../lib/gcc/arm-none-eabi/9.3.1/thumb/v7e-m+fp/hard\libgcc.a(_dvmd_tls.o)
                              c:/st/stm32cubeide_1.7.0/stm32cubeide/plugins/com.st.stm32cube.ide.mcu.externaltools.gnu-tools-for-stm32.9-2020-q2-update.win32_2.0.0.202105311346/tools/bin/../lib/gcc/arm-none-eabi/9.3.1/thumb/v7e-m+fp/hard\libgcc.a(_aeabi_uldivmod.o) (__aeabi_ldiv0)

Allocating common symbols
Common symbol       size              file

queue               0x44              ./Core/Src/main.o
uwTick              0x4               ./Drivers/STM32F4xx_HAL_Driver/Src/stm32f4xx_hal.o
pFlash              0x20              ./Drivers/STM32F4xx_HAL_Driver/Src/stm32f4xx_hal_flash.o
htim3               0x48              ./Core/Src/main.o
sDate1              0x4               ./Core/Src/main.o
huart1              0x44              ./Core/Src/main.o
hrtc                0x20              ./Core/Src/main.o
htim1               0x48              ./Core/Src/main.o
huart2              0x44              ./Core/Src/main.o
sTime1              0x14              ./Core/Src/main.o

Discarded input sections

 .text          0x0000000000000000        0x0 c:/st/stm32cubeide_1.7.0/stm32cubeide/plugins/com.st.stm32cube.ide.mcu.externaltools.gnu-tools-for-stm32.9-2020-q2-update.win32_2.0.0.202105311346/tools/bin/../lib/gcc/arm-none-eabi/9.3.1/thumb/v7e-m+fp/hard/crti.o
[...]
Memory Configuration

Name             Origin             Length             Attributes
RAM              0x0000000020000000 0x0000000000018000 xrw
FLASH            0x0000000008000000 0x0000000000080000 xr
*default*        0x0000000000000000 0xffffffffffffffff

Linker script and memory map

LOAD c:/st/stm32cubeide_1.7.0/stm32cubeide/plugins/com.st.stm32cube.ide.mcu.externaltools.gnu-tools-for-stm32.9-2020-q2-update.win32_2.0.0.202105311346/tools/bin/../lib/gcc/arm-none-eabi/9.3.1/thumb/v7e-m+fp/hard/crti.o
LOAD c:/st/stm32cubeide_1.7.0/stm32cubeide/plugins/com.st.stm32cube.ide.mcu.externaltools.gnu-tools-for-stm32.9-2020-q2-update.win32_2.0.0.202105311346/tools/bin/../lib/gcc/arm-none-eabi/9.3.1/thumb/v7e-m+fp/hard/crtbegin.o
LOAD c:/st/stm32cubeide_1.7.0/stm32cubeide/plugins/com.st.stm32cube.ide.mcu.externaltools.gnu-tools-for-stm32.9-2020-q2-update.win32_2.0.0.202105311346/tools/bin/../lib/gcc/arm-none-eabi/9.3.1/../../../../arm-none-eabi/lib/thumb/v7e-m+fp/hard/crt0.o
LOAD ./Core/Src/bluetooth.o
LOAD ./Core/Src/eeprom.o
LOAD ./Core/Src/main.o
LOAD ./Core/Src/stepper.o
LOAD ./Core/Src/stm32f4xx_hal_msp.o
LOAD ./Core/Src/stm32f4xx_it.o
LOAD ./Core/Src/syscalls.o
LOAD ./Core/Src/sysmem.o
LOAD ./Core/Src/system_stm32f4xx.o
LOAD ./Core/Startup/startup_stm32f401retx.o
LOAD ./Drivers/STM32F4xx_HAL_Driver/Src/stm32f4xx_hal.o
LOAD ./Drivers/STM32F4xx_HAL_Driver/Src/stm32f4xx_hal_cortex.o
LOAD ./Drivers/STM32F4xx_HAL_Driver/Src/stm32f4xx_hal_dma.o
LOAD ./Drivers/STM32F4xx_HAL_Driver/Src/stm32f4xx_hal_dma_ex.o
LOAD ./Drivers/STM32F4xx_HAL_Driver/Src/stm32f4xx_hal_exti.o
LOAD ./Drivers/STM32F4xx_HAL_Driver/Src/stm32f4xx_hal_flash.o
LOAD ./Drivers/STM32F4xx_HAL_Driver/Src/stm32f4xx_hal_flash_ex.o
LOAD ./Drivers/STM32F4xx_HAL_Driver/Src/stm32f4xx_hal_flash_ramfunc.o
LOAD ./Drivers/STM32F4xx_HAL_Driver/Src/stm32f4xx_hal_gpio.o
LOAD ./Drivers/STM32F4xx_HAL_Driver/Src/stm32f4xx_hal_pwr.o
LOAD ./Drivers/STM32F4xx_HAL_Driver/Src/stm32f4xx_hal_pwr_ex.o
LOAD ./Drivers/STM32F4xx_HAL_Driver/Src/stm32f4xx_hal_rcc.o
LOAD ./Drivers/STM32F4xx_HAL_Driver/Src/stm32f4xx_hal_rcc_ex.o
LOAD ./Drivers/STM32F4xx_HAL_Driver/Src/stm32f4xx_hal_rtc.o
LOAD ./Drivers/STM32F4xx_HAL_Driver/Src/stm32f4xx_hal_rtc_ex.o
LOAD ./Drivers/STM32F4xx_HAL_Driver/Src/stm32f4xx_hal_tim.o
LOAD ./Drivers/STM32F4xx_HAL_Driver/Src/stm32f4xx_hal_tim_ex.o
LOAD ./Drivers/STM32F4xx_HAL_Driver/Src/stm32f4xx_hal_uart.o
START GROUP
LOAD c:/st/stm32cubeide_1.7.0/stm32cubeide/plugins/com.st.stm32cube.ide.mcu.externaltools.gnu-tools-for-stm32.9-2020-q2-update.win32_2.0.0.202105311346/tools/bin/../lib/gcc/arm-none-eabi/9.3.1/../../../../arm-none-eabi/lib/thumb/v7e-m+fp/hard\libstdc++_nano.a
LOAD c:/st/stm32cubeide_1.7.0/stm32cubeide/plugins/com.st.stm32cube.ide.mcu.externaltools.gnu-tools-for-stm32.9-2020-q2-update.win32_2.0.0.202105311346/tools/bin/../lib/gcc/arm-none-eabi/9.3.1/../../../../arm-none-eabi/lib/thumb/v7e-m+fp/hard\libsupc++_nano.a
END GROUP
LOAD c:/st/stm32cubeide_1.7.0/stm32cubeide/plugins/com.st.stm32cube.ide.mcu.externaltools.gnu-tools-for-stm32.9-2020-q2-update.win32_2.0.0.202105311346/tools/bin/../lib/gcc/arm-none-eabi/9.3.1/../../../../arm-none-eabi/lib/thumb/v7e-m+fp/hard\libstdc++_nano.a
LOAD c:/st/stm32cubeide_1.7.0/stm32cubeide/plugins/com.st.stm32cube.ide.mcu.externaltools.gnu-tools-for-stm32.9-2020-q2-update.win32_2.0.0.202105311346/tools/bin/../lib/gcc/arm-none-eabi/9.3.1/../../../../arm-none-eabi/lib/thumb/v7e-m+fp/hard\libm.a
LOAD c:/st/stm32cubeide_1.7.0/stm32cubeide/plugins/com.st.stm32cube.ide.mcu.externaltools.gnu-tools-for-stm32.9-2020-q2-update.win32_2.0.0.202105311346/tools/bin/../lib/gcc/arm-none-eabi/9.3.1/../../../../arm-none-eabi/lib/thumb/v7e-m+fp/hard\libc_nano.a
START GROUP
LOAD c:/st/stm32cubeide_1.7.0/stm32cubeide/plugins/com.st.stm32cube.ide.mcu.externaltools.gnu-tools-for-stm32.9-2020-q2-update.win32_2.0.0.202105311346/tools/bin/../lib/gcc/arm-none-eabi/9.3.1/thumb/v7e-m+fp/hard\libgcc.a
LOAD c:/st/stm32cubeide_1.7.0/stm32cubeide/plugins/com.st.stm32cube.ide.mcu.externaltools.gnu-tools-for-stm32.9-2020-q2-update.win32_2.0.0.202105311346/tools/bin/../lib/gcc/arm-none-eabi/9.3.1/../../../../arm-none-eabi/lib/thumb/v7e-m+fp/hard\libc_nano.a
END GROUP
START GROUP
LOAD c:/st/stm32cubeide_1.7.0/stm32cubeide/plugins/com.st.stm32cube.ide.mcu.externaltools.gnu-tools-for-stm32.9-2020-q2-update.win32_2.0.0.202105311346/tools/bin/../lib/gcc/arm-none-eabi/9.3.1/thumb/v7e-m+fp/hard\libgcc.a
LOAD c:/st/stm32cubeide_1.7.0/stm32cubeide/plugins/com.st.stm32cube.ide.mcu.externaltools.gnu-tools-for-stm32.9-2020-q2-update.win32_2.0.0.202105311346/tools/bin/../lib/gcc/arm-none-eabi/9.3.1/../../../../arm-none-eabi/lib/thumb/v7e-m+fp/hard\libc_nano.a
LOAD c:/st/stm32cubeide_1.7.0/stm32cubeide/plugins/com.st.stm32cube.ide.mcu.externaltools.gnu-tools-for-stm32.9-2020-q2-update.win32_2.0.0.202105311346/tools/bin/../lib/gcc/arm-none-eabi/9.3.1/../../../../arm-none-eabi/lib/thumb/v7e-m+fp/hard\libnosys.a
END GROUP
START GROUP
LOAD c:/st/stm32cubeide_1.7.0/stm32cubeide/plugins/com.st.stm32cube.ide.mcu.externaltools.gnu-tools-for-stm32.9-2020-q2-update.win32_2.0.0.202105311346/tools/bin/../lib/gcc/arm-none-eabi/9.3.1/thumb/v7e-m+fp/hard\libgcc.a
LOAD c:/st/stm32cubeide_1.7.0/stm32cubeide/plugins/com.st.stm32cube.ide.mcu.externaltools.gnu-tools-for-stm32.9-2020-q2-update.win32_2.0.0.202105311346/tools/bin/../lib/gcc/arm-none-eabi/9.3.1/../../../../arm-none-eabi/lib/thumb/v7e-m+fp/hard\libc_nano.a
LOAD c:/st/stm32cubeide_1.7.0/stm32cubeide/plugins/com.st.stm32cube.ide.mcu.externaltools.gnu-tools-for-stm32.9-2020-q2-update.win32_2.0.0.202105311346/tools/bin/../lib/gcc/arm-none-eabi/9.3.1/../../../../arm-none-eabi/lib/thumb/v7e-m+fp/hard\libnosys.a
END GROUP
LOAD c:/st/stm32cubeide_1.7.0/stm32cubeide/plugins/com.st.stm32cube.ide.mcu.externaltools.gnu-tools-for-stm32.9-2020-q2-update.win32_2.0.0.202105311346/tools/bin/../lib/gcc/arm-none-eabi/9.3.1/thumb/v7e-m+fp/hard/crtend.o
LOAD c:/st/stm32cubeide_1.7.0/stm32cubeide/plugins/com.st.stm32cube.ide.mcu.externaltools.gnu-tools-for-stm32.9-2020-q2-update.win32_2.0.0.202105311346/tools/bin/../lib/gcc/arm-none-eabi/9.3.1/thumb/v7e-m+fp/hard/crtn.o
                0x0000000020018000                _estack = (ORIGIN (RAM) + LENGTH (RAM))
                0x0000000000000200                _Min_Heap_Size = 0x200
                0x0000000000000400                _Min_Stack_Size = 0x400

.isr_vector     0x0000000008000000      0x194
                0x0000000008000000                . = ALIGN (0x4)
 *(.isr_vector)
 .isr_vector    0x0000000008000000      0x194 ./Core/Startup/startup_stm32f401retx.o
                0x0000000008000000                g_pfnVectors
                0x0000000008000194                . = ALIGN (0x4)

.text           0x0000000008000194     0x60b8
                0x0000000008000194                . = ALIGN (0x4)
 *(.text)
 .text          0x0000000008000194       0x40 c:/st/stm32cubeide_1.7.0/stm32cubeide/plugins/com.st.stm32cube.ide.mcu.externaltools.gnu-tools-for-stm32.9-2020-q2-update.win32_2.0.0.202105311346/tools/bin/../lib/gcc/arm-none-eabi/9.3.1/thumb/v7e-m+fp/hard/crtbegin.o
 .text          0x00000000080001d4       0x30 c:/st/stm32cubeide_1.7.0/stm32cubeide/plugins/com.st.stm32cube.ide.mcu.externaltools.gnu-tools-for-stm32.9-2020-q2-update.win32_2.0.0.202105311346/tools/bin/../lib/gcc/arm-none-eabi/9.3.1/thumb/v7e-m+fp/hard\libgcc.a(_aeabi_uldivmod.o)
                0x00000000080001d4                __aeabi_uldivmod
 .text          0x0000000008000204      0x2c4 c:/st/stm32cubeide_1.7.0/stm32cubeide/plugins/com.st.stm32cube.ide.mcu.externaltools.gnu-tools-for-stm32.9-2020-q2-update.win32_2.0.0.202105311346/tools/bin/../lib/gcc/arm-none-eabi/9.3.1/thumb/v7e-m+fp/hard\libgcc.a(_udivmoddi4.o)
                0x0000000008000204                __udivmoddi4
 .text          0x00000000080004c8        0x4 c:/st/stm32cubeide_1.7.0/stm32cubeide/plugins/com.st.stm32cube.ide.mcu.externaltools.gnu-tools-for-stm32.9-2020-q2-update.win32_2.0.0.202105311346/tools/bin/../lib/gcc/arm-none-eabi/9.3.1/thumb/v7e-m+fp/hard\libgcc.a(_dvmd_tls.o)
                0x00000000080004c8                __aeabi_idiv0
                0x00000000080004c8                __aeabi_ldiv0
 *(.text*)
 .text.EE_Init  0x00000000080004cc      0x3c0 ./Core/Src/eeprom.o
                0x00000000080004cc                EE_Init
 .text.EE_VerifyPageFullyErased
                0x000000000800088c       0x4c ./Core/Src/eeprom.o
 .text.EE_ReadVariable
                0x00000000080008d8       0x94 ./Core/Src/eeprom.o
                0x00000000080008d8                EE_ReadVariable
 .text.EE_WriteVariable
                0x000000000800096c       0x44 ./Core/Src/eeprom.o
                0x000000000800096c                EE_WriteVariable
 .text.EE_Format
                0x00000000080009b0       0xa4 ./Core/Src/eeprom.o
 .text.EE_FindValidPage
                0x0000000008000a54       0x8c ./Core/Src/eeprom.o
 .text.EE_VerifyPageFullWriteVariable
                0x0000000008000ae0       0xb4 ./Core/Src/eeprom.o
 .text.EE_PageTransfer
                0x0000000008000b94      0x178 ./Core/Src/eeprom.o
 .text.my_message_queue_init
                0x0000000008000d0c       0x20 ./Core/Src/main.o
                0x0000000008000d0c                my_message_queue_init
 .text.my_message_queue_enqueue
                0x0000000008000d2c       0x60 ./Core/Src/main.o
                0x0000000008000d2c                my_message_queue_enqueue
 .text.my_message_queue_dequeue
                0x0000000008000d8c       0x60 ./Core/Src/main.o
                0x0000000008000d8c                my_message_queue_dequeue
 .text.Send_Bluettoh_Data
                0x0000000008000dec       0x24 ./Core/Src/main.o
                0x0000000008000dec                Send_Bluettoh_Data
 .text.IsAlive  0x0000000008000e10       0x1c ./Core/Src/main.o
                0x0000000008000e10                IsAlive
 .text.SetSlotPillInserted
                0x0000000008000e2c       0x58 ./Core/Src/main.o
                0x0000000008000e2c                SetSlotPillInserted
 .text.GetSlotsPillsInserted
                0x0000000008000e84       0x88 ./Core/Src/main.o
                0x0000000008000e84                GetSlotsPillsInserted
 .text.SetConfigDispenserTime
                0x0000000008000f0c       0x88 ./Core/Src/main.o
                0x0000000008000f0c                SetConfigDispenserTime
 .text.GetConfigDispenserTime
                0x0000000008000f94       0xa0 ./Core/Src/main.o
                0x0000000008000f94                GetConfigDispenserTime
 .text.LoadConfigDispenserTime
                0x0000000008001034       0xb4 ./Core/Src/main.o
                0x0000000008001034                LoadConfigDispenserTime
 .text.UpdateRTC
                0x00000000080010e8       0x7c ./Core/Src/main.o
                0x00000000080010e8                UpdateRTC
 .text.GetRTC   0x0000000008001164       0x6c ./Core/Src/main.o
                0x0000000008001164                GetRTC
 .text.StartDispenserRotationProcess
                0x00000000080011d0       0x8c ./Core/Src/main.o
                0x00000000080011d0                StartDispenserRotationProcess
 .text.FinishDispenserRotationProcess
                0x000000000800125c       0x28 ./Core/Src/main.o
                0x000000000800125c                FinishDispenserRotationProcess
 .text.StartInsertionProcess
                0x0000000008001284       0x34 ./Core/Src/main.o
                0x0000000008001284                StartInsertionProcess
 .text.FinishInsetionProcess
                0x00000000080012b8       0x28 ./Core/Src/main.o
                0x00000000080012b8                FinishInsetionProcess
 .text.Command  0x00000000080012e0      0x100 ./Core/Src/main.o
                0x00000000080012e0                Command
 .text.HAL_UART_RxCpltCallback
                0x00000000080013e0       0x54 ./Core/Src/main.o
                0x00000000080013e0                HAL_UART_RxCpltCallback
 .text.HAL_RTC_AlarmAEventCallback
                0x0000000008001434       0xdc ./Core/Src/main.o
                0x0000000008001434                HAL_RTC_AlarmAEventCallback
 .text.stepper_step_angle
                0x0000000008001510      0x188 ./Core/Src/main.o
                0x0000000008001510                stepper_step_angle
 .text.goToPosition
                0x0000000008001698       0x68 ./Core/Src/main.o
                0x0000000008001698                goToPosition
 .text.startBuzzer
                0x0000000008001700       0x28 ./Core/Src/main.o
                0x0000000008001700                startBuzzer
 .text.stopBuzzer
                0x0000000008001728       0x18 ./Core/Src/main.o
                0x0000000008001728                stopBuzzer
 .text.dipenserAlarm
                0x0000000008001740       0x8c ./Core/Src/main.o
                0x0000000008001740                dipenserAlarm
 .text.goHome   0x00000000080017cc       0x30 ./Core/Src/main.o
                0x00000000080017cc                goHome
 .text.GetPosition
                0x00000000080017fc       0x2c ./Core/Src/main.o
                0x00000000080017fc                GetPosition
 .text.main     0x0000000008001828       0x94 ./Core/Src/main.o
                0x0000000008001828                main
 .text.SystemClock_Config
                0x00000000080018bc       0xdc ./Core/Src/main.o
                0x00000000080018bc                SystemClock_Config
 .text.MX_RTC_Init
                0x0000000008001998      0x11c ./Core/Src/main.o
 .text.MX_TIM1_Init
                0x0000000008001ab4       0xa0 ./Core/Src/main.o
 .text.MX_TIM3_Init
                0x0000000008001b54      0x104 ./Core/Src/main.o
 .text.MX_USART1_UART_Init
                0x0000000008001c58       0x54 ./Core/Src/main.o
 .text.MX_USART2_UART_Init
                0x0000000008001cac       0x54 ./Core/Src/main.o
 .text.MX_GPIO_Init
                0x0000000008001d00      0x154 ./Core/Src/main.o
 .text.Error_Handler
                0x0000000008001e54        0xa ./Core/Src/main.o
                0x0000000008001e54                Error_Handler
 .text.stepper_set_rpm
                0x0000000008001e5e       0x1e ./Core/Src/stepper.o
                0x0000000008001e5e                stepper_set_rpm
 .text.stepper_wave_drive
                0x0000000008001e7c       0xe8 ./Core/Src/stepper.o
                0x0000000008001e7c                stepper_wave_drive
 .text.getFinalAngleBySlot
                0x0000000008001f64       0x24 ./Core/Src/stepper.o
                0x0000000008001f64                getFinalAngleBySlot
 .text.getInitialAngleBySlot
                0x0000000008001f88       0x20 ./Core/Src/stepper.o
                0x0000000008001f88                getInitialAngleBySlot
 .text.getSlotByAngle
                0x0000000008001fa8       0x44 ./Core/Src/stepper.o
                0x0000000008001fa8                getSlotByAngle
 .text.HAL_MspInit
                0x0000000008001fec       0x50 ./Core/Src/stm32f4xx_hal_msp.o
                0x0000000008001fec                HAL_MspInit
 .text.HAL_RTC_MspInit
                0x000000000800203c       0x68 ./Core/Src/stm32f4xx_hal_msp.o
                0x000000000800203c                HAL_RTC_MspInit
 .text.HAL_TIM_Base_MspInit
                0x00000000080020a4       0x70 ./Core/Src/stm32f4xx_hal_msp.o
                0x00000000080020a4                HAL_TIM_Base_MspInit
 .text.HAL_TIM_MspPostInit
                0x0000000008002114       0x74 ./Core/Src/stm32f4xx_hal_msp.o
                0x0000000008002114                HAL_TIM_MspPostInit
 .text.HAL_UART_MspInit
                0x0000000008002188      0x108 ./Core/Src/stm32f4xx_hal_msp.o
                0x0000000008002188                HAL_UART_MspInit
 .text.NMI_Handler
                0x0000000008002290        0x6 ./Core/Src/stm32f4xx_it.o
                0x0000000008002290                NMI_Handler
 .text.HardFault_Handler
                0x0000000008002296        0x6 ./Core/Src/stm32f4xx_it.o
                0x0000000008002296                HardFault_Handler
 .text.MemManage_Handler
                0x000000000800229c        0x6 ./Core/Src/stm32f4xx_it.o
                0x000000000800229c                MemManage_Handler
 .text.BusFault_Handler
                0x00000000080022a2        0x6 ./Core/Src/stm32f4xx_it.o
                0x00000000080022a2                BusFault_Handler
 .text.UsageFault_Handler
                0x00000000080022a8        0x6 ./Core/Src/stm32f4xx_it.o
                0x00000000080022a8                UsageFault_Handler
 .text.SVC_Handler
                0x00000000080022ae        0xe ./Core/Src/stm32f4xx_it.o
                0x00000000080022ae                SVC_Handler
 .text.DebugMon_Handler
                0x00000000080022bc        0xe ./Core/Src/stm32f4xx_it.o
                0x00000000080022bc                DebugMon_Handler
 .text.PendSV_Handler
                0x00000000080022ca        0xe ./Core/Src/stm32f4xx_it.o
                0x00000000080022ca                PendSV_Handler
 .text.SysTick_Handler
                0x00000000080022d8        0xc ./Core/Src/stm32f4xx_it.o
                0x00000000080022d8                SysTick_Handler
 .text.USART1_IRQHandler
                0x00000000080022e4       0x14 ./Core/Src/stm32f4xx_it.o
                0x00000000080022e4                USART1_IRQHandler
 .text.RTC_Alarm_IRQHandler
                0x00000000080022f8       0x14 ./Core/Src/stm32f4xx_it.o
                0x00000000080022f8                RTC_Alarm_IRQHandler
 .text.SystemInit
                0x000000000800230c       0x24 ./Core/Src/system_stm32f4xx.o
                0x000000000800230c                SystemInit
 .text.Reset_Handler
                0x0000000008002330       0x50 ./Core/Startup/startup_stm32f401retx.o
                0x0000000008002330                Reset_Handler
 .text.Default_Handler
                0x0000000008002380        0x2 ./Core/Startup/startup_stm32f401retx.o
                0x0000000008002380                EXTI2_IRQHandler
                0x0000000008002380                SPI4_IRQHandler
                0x0000000008002380                TIM1_CC_IRQHandler
                0x0000000008002380                DMA2_Stream5_IRQHandler
                0x0000000008002380                DMA1_Stream5_IRQHandler
                0x0000000008002380                PVD_IRQHandler
                0x0000000008002380                SDIO_IRQHandler
                0x0000000008002380                TAMP_STAMP_IRQHandler
                0x0000000008002380                EXTI3_IRQHandler
                0x0000000008002380                TIM1_UP_TIM10_IRQHandler
                0x0000000008002380                I2C3_ER_IRQHandler
                0x0000000008002380                EXTI0_IRQHandler
                0x0000000008002380                I2C2_EV_IRQHandler
                0x0000000008002380                DMA1_Stream2_IRQHandler
                0x0000000008002380                FPU_IRQHandler
                0x0000000008002380                DMA2_Stream2_IRQHandler
                0x0000000008002380                SPI1_IRQHandler
                0x0000000008002380                TIM1_BRK_TIM9_IRQHandler
                0x0000000008002380                DMA2_Stream3_IRQHandler
                0x0000000008002380                USART6_IRQHandler
                0x0000000008002380                DMA2_Stream0_IRQHandler
                0x0000000008002380                TIM4_IRQHandler
                0x0000000008002380                I2C1_EV_IRQHandler
                0x0000000008002380                DMA1_Stream6_IRQHandler
                0x0000000008002380                DMA1_Stream1_IRQHandler
                0x0000000008002380                TIM3_IRQHandler
                0x0000000008002380                RCC_IRQHandler
                0x0000000008002380                Default_Handler
                0x0000000008002380                EXTI15_10_IRQHandler
                0x0000000008002380                ADC_IRQHandler
                0x0000000008002380                DMA1_Stream7_IRQHandler
                0x0000000008002380                TIM5_IRQHandler
                0x0000000008002380                DMA2_Stream7_IRQHandler
                0x0000000008002380                I2C3_EV_IRQHandler
                0x0000000008002380                EXTI9_5_IRQHandler
                0x0000000008002380                RTC_WKUP_IRQHandler
                0x0000000008002380                SPI2_IRQHandler
                0x0000000008002380                DMA1_Stream0_IRQHandler
                0x0000000008002380                EXTI4_IRQHandler
                0x0000000008002380                WWDG_IRQHandler
                0x0000000008002380                TIM2_IRQHandler
                0x0000000008002380                OTG_FS_WKUP_IRQHandler
                0x0000000008002380                TIM1_TRG_COM_TIM11_IRQHandler
                0x0000000008002380                EXTI1_IRQHandler
                0x0000000008002380                USART2_IRQHandler
                0x0000000008002380                I2C2_ER_IRQHandler
                0x0000000008002380                DMA2_Stream1_IRQHandler
                0x0000000008002380                FLASH_IRQHandler
                0x0000000008002380                DMA2_Stream4_IRQHandler
                0x0000000008002380                OTG_FS_IRQHandler
                0x0000000008002380                SPI3_IRQHandler
                0x0000000008002380                DMA1_Stream4_IRQHandler
                0x0000000008002380                I2C1_ER_IRQHandler
                0x0000000008002380                DMA2_Stream6_IRQHandler
                0x0000000008002380                DMA1_Stream3_IRQHandler
 *fill*         0x0000000008002382        0x2 
 .text.HAL_Init
                0x0000000008002384       0x44 ./Drivers/STM32F4xx_HAL_Driver/Src/stm32f4xx_hal.o
                0x0000000008002384                HAL_Init
 .text.HAL_InitTick
                0x00000000080023c8       0x60 ./Drivers/STM32F4xx_HAL_Driver/Src/stm32f4xx_hal.o
                0x00000000080023c8                HAL_InitTick
 .text.HAL_IncTick
                0x0000000008002428       0x28 ./Drivers/STM32F4xx_HAL_Driver/Src/stm32f4xx_hal.o
                0x0000000008002428                HAL_IncTick
 .text.HAL_GetTick
                0x0000000008002450       0x18 ./Drivers/STM32F4xx_HAL_Driver/Src/stm32f4xx_hal.o
                0x0000000008002450                HAL_GetTick
 .text.HAL_Delay
                0x0000000008002468       0x48 ./Drivers/STM32F4xx_HAL_Driver/Src/stm32f4xx_hal.o
                0x0000000008002468                HAL_Delay
 .text.__NVIC_SetPriorityGrouping
                0x00000000080024b0       0x48 ./Drivers/STM32F4xx_HAL_Driver/Src/stm32f4xx_hal_cortex.o
 .text.__NVIC_GetPriorityGrouping
                0x00000000080024f8       0x1c ./Drivers/STM32F4xx_HAL_Driver/Src/stm32f4xx_hal_cortex.o
 .text.__NVIC_EnableIRQ
                0x0000000008002514       0x3c ./Drivers/STM32F4xx_HAL_Driver/Src/stm32f4xx_hal_cortex.o
 .text.__NVIC_SetPriority
                0x0000000008002550       0x54 ./Drivers/STM32F4xx_HAL_Driver/Src/stm32f4xx_hal_cortex.o
 .text.NVIC_EncodePriority
                0x00000000080025a4       0x66 ./Drivers/STM32F4xx_HAL_Driver/Src/stm32f4xx_hal_cortex.o
 *fill*         0x000000000800260a        0x2 
 .text.SysTick_Config
                0x000000000800260c       0x44 ./Drivers/STM32F4xx_HAL_Driver/Src/stm32f4xx_hal_cortex.o
 .text.HAL_NVIC_SetPriorityGrouping
                0x0000000008002650       0x16 ./Drivers/STM32F4xx_HAL_Driver/Src/stm32f4xx_hal_cortex.o
                0x0000000008002650                HAL_NVIC_SetPriorityGrouping
 .text.HAL_NVIC_SetPriority
                0x0000000008002666       0x38 ./Drivers/STM32F4xx_HAL_Driver/Src/stm32f4xx_hal_cortex.o
                0x0000000008002666                HAL_NVIC_SetPriority
 .text.HAL_NVIC_EnableIRQ
                0x000000000800269e       0x1c ./Drivers/STM32F4xx_HAL_Driver/Src/stm32f4xx_hal_cortex.o
                0x000000000800269e                HAL_NVIC_EnableIRQ
 .text.HAL_SYSTICK_Config
                0x00000000080026ba       0x18 ./Drivers/STM32F4xx_HAL_Driver/Src/stm32f4xx_hal_cortex.o
                0x00000000080026ba                HAL_SYSTICK_Config
 .text.HAL_DMA_Abort
                0x00000000080026d2       0xe0 ./Drivers/STM32F4xx_HAL_Driver/Src/stm32f4xx_hal_dma.o
                0x00000000080026d2                HAL_DMA_Abort
 .text.HAL_DMA_Abort_IT
                0x00000000080027b2       0x44 ./Drivers/STM32F4xx_HAL_Driver/Src/stm32f4xx_hal_dma.o
                0x00000000080027b2                HAL_DMA_Abort_IT
 *fill*         0x00000000080027f6        0x2 
 .text.HAL_FLASH_Program
                0x00000000080027f8       0xa8 ./Drivers/STM32F4xx_HAL_Driver/Src/stm32f4xx_hal_flash.o
                0x00000000080027f8                HAL_FLASH_Program
 .text.HAL_FLASH_Unlock
                0x00000000080028a0       0x44 ./Drivers/STM32F4xx_HAL_Driver/Src/stm32f4xx_hal_flash.o
                0x00000000080028a0                HAL_FLASH_Unlock
 .text.FLASH_WaitForLastOperation
                0x00000000080028e4       0x80 ./Drivers/STM32F4xx_HAL_Driver/Src/stm32f4xx_hal_flash.o
                0x00000000080028e4                FLASH_WaitForLastOperation
 .text.FLASH_Program_DoubleWord
                0x0000000008002964       0x64 ./Drivers/STM32F4xx_HAL_Driver/Src/stm32f4xx_hal_flash.o
 .text.FLASH_Program_Word
                0x00000000080029c8       0x44 ./Drivers/STM32F4xx_HAL_Driver/Src/stm32f4xx_hal_flash.o
 .text.FLASH_Program_HalfWord
                0x0000000008002a0c       0x48 ./Drivers/STM32F4xx_HAL_Driver/Src/stm32f4xx_hal_flash.o
 .text.FLASH_Program_Byte
                0x0000000008002a54       0x44 ./Drivers/STM32F4xx_HAL_Driver/Src/stm32f4xx_hal_flash.o
 .text.FLASH_SetErrorCode
                0x0000000008002a98       0xcc ./Drivers/STM32F4xx_HAL_Driver/Src/stm32f4xx_hal_flash.o
 .text.HAL_FLASHEx_Erase
                0x0000000008002b64       0xe0 ./Drivers/STM32F4xx_HAL_Driver/Src/stm32f4xx_hal_flash_ex.o
                0x0000000008002b64                HAL_FLASHEx_Erase
 .text.FLASH_MassErase
                0x0000000008002c44       0x48 ./Drivers/STM32F4xx_HAL_Driver/Src/stm32f4xx_hal_flash_ex.o
 .text.FLASH_Erase_Sector
                0x0000000008002c8c       0x90 ./Drivers/STM32F4xx_HAL_Driver/Src/stm32f4xx_hal_flash_ex.o
                0x0000000008002c8c                FLASH_Erase_Sector
 .text.FLASH_FlushCaches
                0x0000000008002d1c       0x8c ./Drivers/STM32F4xx_HAL_Driver/Src/stm32f4xx_hal_flash_ex.o
                0x0000000008002d1c                FLASH_FlushCaches
 .text.HAL_GPIO_Init
                0x0000000008002da8      0x308 ./Drivers/STM32F4xx_HAL_Driver/Src/stm32f4xx_hal_gpio.o
                0x0000000008002da8                HAL_GPIO_Init
 .text.HAL_GPIO_ReadPin
                0x00000000080030b0       0x30 ./Drivers/STM32F4xx_HAL_Driver/Src/stm32f4xx_hal_gpio.o
                0x00000000080030b0                HAL_GPIO_ReadPin
 .text.HAL_GPIO_WritePin
                0x00000000080030e0       0x32 ./Drivers/STM32F4xx_HAL_Driver/Src/stm32f4xx_hal_gpio.o
                0x00000000080030e0                HAL_GPIO_WritePin
 *fill*         0x0000000008003112        0x2 
 .text.HAL_RCC_OscConfig
                0x0000000008003114      0x4f0 ./Drivers/STM32F4xx_HAL_Driver/Src/stm32f4xx_hal_rcc.o
                0x0000000008003114                HAL_RCC_OscConfig
 .text.HAL_RCC_ClockConfig
                0x0000000008003604      0x1cc ./Drivers/STM32F4xx_HAL_Driver/Src/stm32f4xx_hal_rcc.o
                0x0000000008003604                HAL_RCC_ClockConfig
 .text.HAL_RCC_GetSysClockFreq
                0x00000000080037d0      0x1c4 ./Drivers/STM32F4xx_HAL_Driver/Src/stm32f4xx_hal_rcc.o
                0x00000000080037d0                HAL_RCC_GetSysClockFreq
 .text.HAL_RCC_GetHCLKFreq
                0x0000000008003994       0x18 ./Drivers/STM32F4xx_HAL_Driver/Src/stm32f4xx_hal_rcc.o
                0x0000000008003994                HAL_RCC_GetHCLKFreq
 .text.HAL_RCC_GetPCLK1Freq
                0x00000000080039ac       0x28 ./Drivers/STM32F4xx_HAL_Driver/Src/stm32f4xx_hal_rcc.o
                0x00000000080039ac                HAL_RCC_GetPCLK1Freq
 .text.HAL_RCC_GetPCLK2Freq
                0x00000000080039d4       0x28 ./Drivers/STM32F4xx_HAL_Driver/Src/stm32f4xx_hal_rcc.o
                0x00000000080039d4                HAL_RCC_GetPCLK2Freq
 .text.HAL_RCCEx_PeriphCLKConfig
                0x00000000080039fc      0x1dc ./Drivers/STM32F4xx_HAL_Driver/Src/stm32f4xx_hal_rcc_ex.o
                0x00000000080039fc                HAL_RCCEx_PeriphCLKConfig
 .text.HAL_RTC_Init
                0x0000000008003bd8      0x122 ./Drivers/STM32F4xx_HAL_Driver/Src/stm32f4xx_hal_rtc.o
                0x0000000008003bd8                HAL_RTC_Init
 .text.HAL_RTC_SetTime
                0x0000000008003cfa      0x17a ./Drivers/STM32F4xx_HAL_Driver/Src/stm32f4xx_hal_rtc.o
                0x0000000008003cfa                HAL_RTC_SetTime
 .text.HAL_RTC_GetTime
                0x0000000008003e74       0xbc ./Drivers/STM32F4xx_HAL_Driver/Src/stm32f4xx_hal_rtc.o
                0x0000000008003e74                HAL_RTC_GetTime
 .text.HAL_RTC_SetDate
                0x0000000008003f30      0x14e ./Drivers/STM32F4xx_HAL_Driver/Src/stm32f4xx_hal_rtc.o
                0x0000000008003f30                HAL_RTC_SetDate
 .text.HAL_RTC_GetDate
                0x000000000800407e       0x9e ./Drivers/STM32F4xx_HAL_Driver/Src/stm32f4xx_hal_rtc.o
                0x000000000800407e                HAL_RTC_GetDate
 .text.HAL_RTC_SetAlarm_IT
                0x000000000800411c      0x270 ./Drivers/STM32F4xx_HAL_Driver/Src/stm32f4xx_hal_rtc.o
                0x000000000800411c                HAL_RTC_SetAlarm_IT
 .text.HAL_RTC_AlarmIRQHandler
                0x000000000800438c       0x8c ./Drivers/STM32F4xx_HAL_Driver/Src/stm32f4xx_hal_rtc.o
                0x000000000800438c                HAL_RTC_AlarmIRQHandler
 .text.HAL_RTC_WaitForSynchro
                0x0000000008004418       0x50 ./Drivers/STM32F4xx_HAL_Driver/Src/stm32f4xx_hal_rtc.o
                0x0000000008004418                HAL_RTC_WaitForSynchro
 .text.RTC_EnterInitMode
                0x0000000008004468       0x58 ./Drivers/STM32F4xx_HAL_Driver/Src/stm32f4xx_hal_rtc.o
                0x0000000008004468                RTC_EnterInitMode
 .text.RTC_ByteToBcd2
                0x00000000080044c0       0x3c ./Drivers/STM32F4xx_HAL_Driver/Src/stm32f4xx_hal_rtc.o
                0x00000000080044c0                RTC_ByteToBcd2
 .text.RTC_Bcd2ToByte
                0x00000000080044fc       0x3c ./Drivers/STM32F4xx_HAL_Driver/Src/stm32f4xx_hal_rtc.o
                0x00000000080044fc                RTC_Bcd2ToByte
 .text.HAL_RTCEx_AlarmBEventCallback
                0x0000000008004538       0x14 ./Drivers/STM32F4xx_HAL_Driver/Src/stm32f4xx_hal_rtc_ex.o
                0x0000000008004538                HAL_RTCEx_AlarmBEventCallback
 .text.HAL_TIM_Base_Init
                0x000000000800454c       0x9e ./Drivers/STM32F4xx_HAL_Driver/Src/stm32f4xx_hal_tim.o
                0x000000000800454c                HAL_TIM_Base_Init
 .text.HAL_TIM_PWM_Init
                0x00000000080045ea       0x9e ./Drivers/STM32F4xx_HAL_Driver/Src/stm32f4xx_hal_tim.o
                0x00000000080045ea                HAL_TIM_PWM_Init
 .text.HAL_TIM_PWM_MspInit
                0x0000000008004688       0x14 ./Drivers/STM32F4xx_HAL_Driver/Src/stm32f4xx_hal_tim.o
                0x0000000008004688                HAL_TIM_PWM_MspInit
 .text.HAL_TIM_PWM_Start
                0x000000000800469c      0x160 ./Drivers/STM32F4xx_HAL_Driver/Src/stm32f4xx_hal_tim.o
                0x000000000800469c                HAL_TIM_PWM_Start
 .text.HAL_TIM_PWM_Stop
                0x00000000080047fc       0xc8 ./Drivers/STM32F4xx_HAL_Driver/Src/stm32f4xx_hal_tim.o
                0x00000000080047fc                HAL_TIM_PWM_Stop
 .text.HAL_TIM_PWM_ConfigChannel
                0x00000000080048c4      0x184 ./Drivers/STM32F4xx_HAL_Driver/Src/stm32f4xx_hal_tim.o
                0x00000000080048c4                HAL_TIM_PWM_ConfigChannel
 .text.HAL_TIM_ConfigClockSource
                0x0000000008004a48      0x18e ./Drivers/STM32F4xx_HAL_Driver/Src/stm32f4xx_hal_tim.o
                0x0000000008004a48                HAL_TIM_ConfigClockSource
 *fill*         0x0000000008004bd6        0x2 
 .text.TIM_Base_SetConfig
                0x0000000008004bd8      0x100 ./Drivers/STM32F4xx_HAL_Driver/Src/stm32f4xx_hal_tim.o
                0x0000000008004bd8                TIM_Base_SetConfig
 .text.TIM_OC1_SetConfig
                0x0000000008004cd8       0xcc ./Drivers/STM32F4xx_HAL_Driver/Src/stm32f4xx_hal_tim.o
 .text.TIM_OC2_SetConfig
                0x0000000008004da4       0xd8 ./Drivers/STM32F4xx_HAL_Driver/Src/stm32f4xx_hal_tim.o
                0x0000000008004da4                TIM_OC2_SetConfig
 .text.TIM_OC3_SetConfig
                0x0000000008004e7c       0xd4 ./Drivers/STM32F4xx_HAL_Driver/Src/stm32f4xx_hal_tim.o
 .text.TIM_OC4_SetConfig
                0x0000000008004f50       0xa0 ./Drivers/STM32F4xx_HAL_Driver/Src/stm32f4xx_hal_tim.o
 .text.TIM_TI1_ConfigInputStage
                0x0000000008004ff0       0x5e ./Drivers/STM32F4xx_HAL_Driver/Src/stm32f4xx_hal_tim.o
 .text.TIM_TI2_ConfigInputStage
                0x000000000800504e       0x60 ./Drivers/STM32F4xx_HAL_Driver/Src/stm32f4xx_hal_tim.o
 .text.TIM_ITRx_SetConfig
                0x00000000080050ae       0x36 ./Drivers/STM32F4xx_HAL_Driver/Src/stm32f4xx_hal_tim.o
 .text.TIM_ETR_SetConfig
                0x00000000080050e4       0x40 ./Drivers/STM32F4xx_HAL_Driver/Src/stm32f4xx_hal_tim.o
                0x00000000080050e4                TIM_ETR_SetConfig
 .text.TIM_CCxChannelCmd
                0x0000000008005124       0x4a ./Drivers/STM32F4xx_HAL_Driver/Src/stm32f4xx_hal_tim.o
                0x0000000008005124                TIM_CCxChannelCmd
 *fill*         0x000000000800516e        0x2 
 .text.HAL_TIMEx_MasterConfigSynchronization
                0x0000000008005170       0xdc ./Drivers/STM32F4xx_HAL_Driver/Src/stm32f4xx_hal_tim_ex.o
                0x0000000008005170                HAL_TIMEx_MasterConfigSynchronization
 .text.HAL_UART_Init
                0x000000000800524c       0x9a ./Drivers/STM32F4xx_HAL_Driver/Src/stm32f4xx_hal_uart.o
                0x000000000800524c                HAL_UART_Init
 .text.HAL_UART_Transmit
                0x00000000080052e6      0x124 ./Drivers/STM32F4xx_HAL_Driver/Src/stm32f4xx_hal_uart.o
                0x00000000080052e6                HAL_UART_Transmit
 .text.HAL_UART_Receive_IT
                0x000000000800540a       0x60 ./Drivers/STM32F4xx_HAL_Driver/Src/stm32f4xx_hal_uart.o
                0x000000000800540a                HAL_UART_Receive_IT
 *fill*         0x000000000800546a        0x2 
 .text.HAL_UART_IRQHandler
                0x000000000800546c      0x51c ./Drivers/STM32F4xx_HAL_Driver/Src/stm32f4xx_hal_uart.o
                0x000000000800546c                HAL_UART_IRQHandler
 .text.HAL_UART_TxCpltCallback
                0x0000000008005988       0x14 ./Drivers/STM32F4xx_HAL_Driver/Src/stm32f4xx_hal_uart.o
                0x0000000008005988                HAL_UART_TxCpltCallback
 .text.HAL_UART_ErrorCallback
                0x000000000800599c       0x14 ./Drivers/STM32F4xx_HAL_Driver/Src/stm32f4xx_hal_uart.o
                0x000000000800599c                HAL_UART_ErrorCallback
 .text.HAL_UARTEx_RxEventCallback
                0x00000000080059b0       0x18 ./Drivers/STM32F4xx_HAL_Driver/Src/stm32f4xx_hal_uart.o
                0x00000000080059b0                HAL_UARTEx_RxEventCallback
 .text.UART_WaitOnFlagUntilTimeout
                0x00000000080059c8       0xdc ./Drivers/STM32F4xx_HAL_Driver/Src/stm32f4xx_hal_uart.o
 .text.UART_Start_Receive_IT
                0x0000000008005aa4       0x74 ./Drivers/STM32F4xx_HAL_Driver/Src/stm32f4xx_hal_uart.o
                0x0000000008005aa4                UART_Start_Receive_IT
 .text.UART_EndRxTransfer
                0x0000000008005b18       0xc6 ./Drivers/STM32F4xx_HAL_Driver/Src/stm32f4xx_hal_uart.o
 .text.UART_DMAAbortOnError
                0x0000000008005bde       0x28 ./Drivers/STM32F4xx_HAL_Driver/Src/stm32f4xx_hal_uart.o
 .text.UART_Transmit_IT
                0x0000000008005c06       0xa0 ./Drivers/STM32F4xx_HAL_Driver/Src/stm32f4xx_hal_uart.o
 .text.UART_EndTransmit_IT
                0x0000000008005ca6       0x30 ./Drivers/STM32F4xx_HAL_Driver/Src/stm32f4xx_hal_uart.o
 .text.UART_Receive_IT
                0x0000000008005cd6      0x176 ./Drivers/STM32F4xx_HAL_Driver/Src/stm32f4xx_hal_uart.o
 .text.UART_SetConfig
                0x0000000008005e4c      0x390 ./Drivers/STM32F4xx_HAL_Driver/Src/stm32f4xx_hal_uart.o
 .text.__libc_init_array
                0x00000000080061dc       0x48 c:/st/stm32cubeide_1.7.0/stm32cubeide/plugins/com.st.stm32cube.ide.mcu.externaltools.gnu-tools-for-stm32.9-2020-q2-update.win32_2.0.0.202105311346/tools/bin/../lib/gcc/arm-none-eabi/9.3.1/../../../../arm-none-eabi/lib/thumb/v7e-m+fp/hard\libc_nano.a(lib_a-init.o)
                0x00000000080061dc                __libc_init_array
 .text.memset   0x0000000008006224       0x10 c:/st/stm32cubeide_1.7.0/stm32cubeide/plugins/com.st.stm32cube.ide.mcu.externaltools.gnu-tools-for-stm32.9-2020-q2-update.win32_2.0.0.202105311346/tools/bin/../lib/gcc/arm-none-eabi/9.3.1/../../../../arm-none-eabi/lib/thumb/v7e-m+fp/hard\libc_nano.a(lib_a-memset.o)
                0x0000000008006224                memset
 *(.glue_7)
 .glue_7        0x0000000008006234        0x0 linker stubs
 *(.glue_7t)
 .glue_7t       0x0000000008006234        0x0 linker stubs
 *(.eh_frame)
 .eh_frame      0x0000000008006234        0x0 c:/st/stm32cubeide_1.7.0/stm32cubeide/plugins/com.st.stm32cube.ide.mcu.externaltools.gnu-tools-for-stm32.9-2020-q2-update.win32_2.0.0.202105311346/tools/bin/../lib/gcc/arm-none-eabi/9.3.1/thumb/v7e-m+fp/hard/crtbegin.o
 *(.init)
 .init          0x0000000008006234        0x4 c:/st/stm32cubeide_1.7.0/stm32cubeide/plugins/com.st.stm32cube.ide.mcu.externaltools.gnu-tools-for-stm32.9-2020-q2-update.win32_2.0.0.202105311346/tools/bin/../lib/gcc/arm-none-eabi/9.3.1/thumb/v7e-m+fp/hard/crti.o
                0x0000000008006234                _init
 .init          0x0000000008006238        0x8 c:/st/stm32cubeide_1.7.0/stm32cubeide/plugins/com.st.stm32cube.ide.mcu.externaltools.gnu-tools-for-stm32.9-2020-q2-update.win32_2.0.0.202105311346/tools/bin/../lib/gcc/arm-none-eabi/9.3.1/thumb/v7e-m+fp/hard/crtn.o
 *(.fini)
 .fini          0x0000000008006240        0x4 c:/st/stm32cubeide_1.7.0/stm32cubeide/plugins/com.st.stm32cube.ide.mcu.externaltools.gnu-tools-for-stm32.9-2020-q2-update.win32_2.0.0.202105311346/tools/bin/../lib/gcc/arm-none-eabi/9.3.1/thumb/v7e-m+fp/hard/crti.o
                0x0000000008006240                _fini
 .fini          0x0000000008006244        0x8 c:/st/stm32cubeide_1.7.0/stm32cubeide/plugins/com.st.stm32cube.ide.mcu.externaltools.gnu-tools-for-stm32.9-2020-q2-update.win32_2.0.0.202105311346/tools/bin/../lib/gcc/arm-none-eabi/9.3.1/thumb/v7e-m+fp/hard/crtn.o
                0x000000000800624c                . = ALIGN (0x4)
                0x000000000800624c                _etext = .

.vfp11_veneer   0x000000000800624c        0x0
 .vfp11_veneer  0x000000000800624c        0x0 linker stubs

.v4_bx          0x000000000800624c        0x0
 .v4_bx         0x000000000800624c        0x0 linker stubs

.iplt           0x000000000800624c        0x0
 .iplt          0x000000000800624c        0x0 c:/st/stm32cubeide_1.7.0/stm32cubeide/plugins/com.st.stm32cube.ide.mcu.externaltools.gnu-tools-for-stm32.9-2020-q2-update.win32_2.0.0.202105311346/tools/bin/../lib/gcc/arm-none-eabi/9.3.1/thumb/v7e-m+fp/hard/crtbegin.o

.rodata         0x000000000800624c       0x18
                0x000000000800624c                . = ALIGN (0x4)
 *(.rodata)
 *(.rodata*)
 .rodata.AHBPrescTable
                0x000000000800624c       0x10 ./Core/Src/system_stm32f4xx.o
                0x000000000800624c                AHBPrescTable
 .rodata.APBPrescTable
                0x000000000800625c        0x8 ./Core/Src/system_stm32f4xx.o
                0x000000000800625c                APBPrescTable
                0x0000000008006264                . = ALIGN (0x4)

.ARM.extab      0x0000000008006264        0x0
                0x0000000008006264                . = ALIGN (0x4)
 *(.ARM.extab* .gnu.linkonce.armextab.*)
                0x0000000008006264                . = ALIGN (0x4)

.ARM            0x0000000008006264        0x8
                0x0000000008006264                . = ALIGN (0x4)
                0x0000000008006264                __exidx_start = .
 *(.ARM.exidx*)
 .ARM.exidx     0x0000000008006264        0x8 c:/st/stm32cubeide_1.7.0/stm32cubeide/plugins/com.st.stm32cube.ide.mcu.externaltools.gnu-tools-for-stm32.9-2020-q2-update.win32_2.0.0.202105311346/tools/bin/../lib/gcc/arm-none-eabi/9.3.1/thumb/v7e-m+fp/hard\libgcc.a(_udivmoddi4.o)
                0x000000000800626c                __exidx_end = .
                0x000000000800626c                . = ALIGN (0x4)

.rel.dyn        0x000000000800626c        0x0
 .rel.iplt      0x000000000800626c        0x0 c:/st/stm32cubeide_1.7.0/stm32cubeide/plugins/com.st.stm32cube.ide.mcu.externaltools.gnu-tools-for-stm32.9-2020-q2-update.win32_2.0.0.202105311346/tools/bin/../lib/gcc/arm-none-eabi/9.3.1/thumb/v7e-m+fp/hard/crtbegin.o

.preinit_array  0x000000000800626c        0x0
                0x000000000800626c                . = ALIGN (0x4)
                0x000000000800626c                PROVIDE (__preinit_array_start = .)
 *(.preinit_array*)
                0x000000000800626c                PROVIDE (__preinit_array_end = .)
                0x000000000800626c                . = ALIGN (0x4)

.init_array     0x000000000800626c        0x4
                0x000000000800626c                . = ALIGN (0x4)
                0x000000000800626c                PROVIDE (__init_array_start = .)
 *(SORT_BY_NAME(.init_array.*))
 *(.init_array*)
 .init_array    0x000000000800626c        0x4 c:/st/stm32cubeide_1.7.0/stm32cubeide/plugins/com.st.stm32cube.ide.mcu.externaltools.gnu-tools-for-stm32.9-2020-q2-update.win32_2.0.0.202105311346/tools/bin/../lib/gcc/arm-none-eabi/9.3.1/thumb/v7e-m+fp/hard/crtbegin.o
                0x0000000008006270                PROVIDE (__init_array_end = .)
                0x0000000008006270                . = ALIGN (0x4)

.fini_array     0x0000000008006270        0x4
                0x0000000008006270                . = ALIGN (0x4)
                [!provide]                        PROVIDE (__fini_array_start = .)
 *(SORT_BY_NAME(.fini_array.*))
 *(.fini_array*)
 .fini_array    0x0000000008006270        0x4 c:/st/stm32cubeide_1.7.0/stm32cubeide/plugins/com.st.stm32cube.ide.mcu.externaltools.gnu-tools-for-stm32.9-2020-q2-update.win32_2.0.0.202105311346/tools/bin/../lib/gcc/arm-none-eabi/9.3.1/thumb/v7e-m+fp/hard/crtbegin.o
                [!provide]                        PROVIDE (__fini_array_end = .)
                0x0000000008006274                . = ALIGN (0x4)
                0x0000000008006274                _sidata = LOADADDR (.data)

.data           0x0000000020000000      0x554 load address 0x0000000008006274
                0x0000000020000000                . = ALIGN (0x4)
                0x0000000020000000                _sdata = .
 *(.data)
 *(.data*)
 .data.VirtAddVarTab
                0x0000000020000000      0x500 ./Core/Src/main.o
                0x0000000020000000                VirtAddVarTab
 .data.position_state
                0x0000000020000500        0x1 ./Core/Src/main.o
                0x0000000020000500                position_state
 *fill*         0x0000000020000501        0x3 
 .data.angle_state
                0x0000000020000504        0x4 ./Core/Src/main.o
                0x0000000020000504                angle_state
 .data.angles   0x0000000020000508       0x40 ./Core/Src/stepper.o
                0x0000000020000508                angles
 .data.SystemCoreClock
                0x0000000020000548        0x4 ./Core/Src/system_stm32f4xx.o
                0x0000000020000548                SystemCoreClock
 .data.uwTickPrio
                0x000000002000054c        0x4 ./Drivers/STM32F4xx_HAL_Driver/Src/stm32f4xx_hal.o
                0x000000002000054c                uwTickPrio
 .data.uwTickFreq
                0x0000000020000550        0x1 ./Drivers/STM32F4xx_HAL_Driver/Src/stm32f4xx_hal.o
                0x0000000020000550                uwTickFreq
 *(.RamFunc)
 *(.RamFunc*)
                0x0000000020000554                . = ALIGN (0x4)
 *fill*         0x0000000020000551        0x3 
                0x0000000020000554                _edata = .

.igot.plt       0x0000000020000554        0x0 load address 0x00000000080067c8
 .igot.plt      0x0000000020000554        0x0 c:/st/stm32cubeide_1.7.0/stm32cubeide/plugins/com.st.stm32cube.ide.mcu.externaltools.gnu-tools-for-stm32.9-2020-q2-update.win32_2.0.0.202105311346/tools/bin/../lib/gcc/arm-none-eabi/9.3.1/thumb/v7e-m+fp/hard/crtbegin.o
                0x0000000020000554                . = ALIGN (0x4)

.bss            0x0000000020000554      0x228 load address 0x00000000080067c8
                0x0000000020000554                _sbss = .
                0x0000000020000554                __bss_start__ = _sbss
 *(.bss)
 .bss           0x0000000020000554       0x1c c:/st/stm32cubeide_1.7.0/stm32cubeide/plugins/com.st.stm32cube.ide.mcu.externaltools.gnu-tools-for-stm32.9-2020-q2-update.win32_2.0.0.202105311346/tools/bin/../lib/gcc/arm-none-eabi/9.3.1/thumb/v7e-m+fp/hard/crtbegin.o
 *(.bss*)
 .bss.DataVar   0x0000000020000570        0x2 ./Core/Src/eeprom.o
                0x0000000020000570                DataVar
 *fill*         0x0000000020000572        0x2 
 .bss.UART1_rxBuffer
                0x0000000020000574        0x8 ./Core/Src/main.o
                0x0000000020000574                UART1_rxBuffer
 .bss.bluetooth_rxBuffer
                0x000000002000057c        0x8 ./Core/Src/main.o
                0x000000002000057c                bluetooth_rxBuffer
 .bss.configDispenserTime
                0x0000000020000584       0x40 ./Core/Src/main.o
                0x0000000020000584                configDispenserTime
 *(COMMON)
 COMMON         0x00000000200005c4      0x194 ./Core/Src/main.o
                0x00000000200005c4                queue
                0x0000000020000608                htim3
                0x0000000020000650                sDate1
                0x0000000020000654                huart1
                0x0000000020000698                hrtc
                0x00000000200006b8                htim1
                0x0000000020000700                huart2
                0x0000000020000744                sTime1
 COMMON         0x0000000020000758        0x4 ./Drivers/STM32F4xx_HAL_Driver/Src/stm32f4xx_hal.o
                0x0000000020000758                uwTick
 COMMON         0x000000002000075c       0x20 ./Drivers/STM32F4xx_HAL_Driver/Src/stm32f4xx_hal_flash.o
                0x000000002000075c                pFlash
                0x000000002000077c                . = ALIGN (0x4)
                0x000000002000077c                _ebss = .
                0x000000002000077c                __bss_end__ = _ebss

._user_heap_stack
                0x000000002000077c      0x604 load address 0x00000000080067c8
                0x0000000020000780                . = ALIGN (0x8)
 *fill*         0x000000002000077c        0x4 
                [!provide]                        PROVIDE (end = .)
                0x0000000020000780                PROVIDE (_end = .)
                0x0000000020000980                . = (. + _Min_Heap_Size)
 *fill*         0x0000000020000780      0x200 
                0x0000000020000d80                . = (. + _Min_Stack_Size)
 *fill*         0x0000000020000980      0x400 
                0x0000000020000d80                . = ALIGN (0x8)

/DISCARD/
 libc.a(*)
 libm.a(*)
 libgcc.a(*)

.ARM.attributes
                0x0000000000000000       0x30
 *(.ARM.attributes)
 .ARM.attributes
                0x0000000000000000       0x1e c:/st/stm32cubeide_1.7.0/stm32cubeide/plugins/com.st.stm32cube.ide.mcu.externaltools.gnu-tools-for-stm32.9-2020-q2-update.win32_2.0.0.202105311346/tools/bin/../lib/gcc/arm-none-eabi/9.3.1/thumb/v7e-m+fp/hard/crti.o
 .ARM.attributes
                0x000000000000001e       0x34 c:/st/stm32cubeide_1.7.0/stm32cubeide/plugins/com.st.stm32cube.ide.mcu.externaltools.gnu-tools-for-stm32.9-2020-q2-update.win32_2.0.0.202105311346/tools/bin/../lib/gcc/arm-none-eabi/9.3.1/thumb/v7e-m+fp/hard/crtbegin.o
 .ARM.attributes
                0x0000000000000052       0x34 ./Core/Src/eeprom.o
 .ARM.attributes
                0x0000000000000086       0x34 ./Core/Src/main.o
 .ARM.attributes
                0x00000000000000ba       0x34 ./Core/Src/stepper.o
 .ARM.attributes
                0x00000000000000ee       0x34 ./Core/Src/stm32f4xx_hal_msp.o
 .ARM.attributes
                0x0000000000000122       0x34 ./Core/Src/stm32f4xx_it.o
 .ARM.attributes
                0x0000000000000156       0x34 ./Core/Src/system_stm32f4xx.o
 .ARM.attributes
                0x000000000000018a       0x21 ./Core/Startup/startup_stm32f401retx.o
 .ARM.attributes
                0x00000000000001ab       0x34 ./Drivers/STM32F4xx_HAL_Driver/Src/stm32f4xx_hal.o
 .ARM.attributes
                0x00000000000001df       0x34 ./Drivers/STM32F4xx_HAL_Driver/Src/stm32f4xx_hal_cortex.o
 .ARM.attributes
                0x0000000000000213       0x34 ./Drivers/STM32F4xx_HAL_Driver/Src/stm32f4xx_hal_dma.o
 .ARM.attributes
                0x0000000000000247       0x34 ./Drivers/STM32F4xx_HAL_Driver/Src/stm32f4xx_hal_flash.o
 .ARM.attributes
                0x000000000000027b       0x34 ./Drivers/STM32F4xx_HAL_Driver/Src/stm32f4xx_hal_flash_ex.o
 .ARM.attributes
                0x00000000000002af       0x34 ./Drivers/STM32F4xx_HAL_Driver/Src/stm32f4xx_hal_gpio.o
 .ARM.attributes
                0x00000000000002e3       0x34 ./Drivers/STM32F4xx_HAL_Driver/Src/stm32f4xx_hal_rcc.o
 .ARM.attributes
                0x0000000000000317       0x34 ./Drivers/STM32F4xx_HAL_Driver/Src/stm32f4xx_hal_rcc_ex.o
 .ARM.attributes
                0x000000000000034b       0x34 ./Drivers/STM32F4xx_HAL_Driver/Src/stm32f4xx_hal_rtc.o
 .ARM.attributes
                0x000000000000037f       0x34 ./Drivers/STM32F4xx_HAL_Driver/Src/stm32f4xx_hal_rtc_ex.o
 .ARM.attributes
                0x00000000000003b3       0x34 ./Drivers/STM32F4xx_HAL_Driver/Src/stm32f4xx_hal_tim.o
 .ARM.attributes
                0x00000000000003e7       0x34 ./Drivers/STM32F4xx_HAL_Driver/Src/stm32f4xx_hal_tim_ex.o
 .ARM.attributes
                0x000000000000041b       0x34 ./Drivers/STM32F4xx_HAL_Driver/Src/stm32f4xx_hal_uart.o
 .ARM.attributes
                0x000000000000044f       0x34 c:/st/stm32cubeide_1.7.0/stm32cubeide/plugins/com.st.stm32cube.ide.mcu.externaltools.gnu-tools-for-stm32.9-2020-q2-update.win32_2.0.0.202105311346/tools/bin/../lib/gcc/arm-none-eabi/9.3.1/../../../../arm-none-eabi/lib/thumb/v7e-m+fp/hard\libc_nano.a(lib_a-init.o)
 .ARM.attributes
                0x0000000000000483       0x34 c:/st/stm32cubeide_1.7.0/stm32cubeide/plugins/com.st.stm32cube.ide.mcu.externaltools.gnu-tools-for-stm32.9-2020-q2-update.win32_2.0.0.202105311346/tools/bin/../lib/gcc/arm-none-eabi/9.3.1/../../../../arm-none-eabi/lib/thumb/v7e-m+fp/hard\libc_nano.a(lib_a-memset.o)
 .ARM.attributes
                0x00000000000004b7       0x1e c:/st/stm32cubeide_1.7.0/stm32cubeide/plugins/com.st.stm32cube.ide.mcu.externaltools.gnu-tools-for-stm32.9-2020-q2-update.win32_2.0.0.202105311346/tools/bin/../lib/gcc/arm-none-eabi/9.3.1/thumb/v7e-m+fp/hard\libgcc.a(_aeabi_uldivmod.o)
 .ARM.attributes
                0x00000000000004d5       0x34 c:/st/stm32cubeide_1.7.0/stm32cubeide/plugins/com.st.stm32cube.ide.mcu.externaltools.gnu-tools-for-stm32.9-2020-q2-update.win32_2.0.0.202105311346/tools/bin/../lib/gcc/arm-none-eabi/9.3.1/thumb/v7e-m+fp/hard\libgcc.a(_udivmoddi4.o)
 .ARM.attributes
                0x0000000000000509       0x1e c:/st/stm32cubeide_1.7.0/stm32cubeide/plugins/com.st.stm32cube.ide.mcu.externaltools.gnu-tools-for-stm32.9-2020-q2-update.win32_2.0.0.202105311346/tools/bin/../lib/gcc/arm-none-eabi/9.3.1/thumb/v7e-m+fp/hard\libgcc.a(_dvmd_tls.o)
 .ARM.attributes
                0x0000000000000527       0x1e c:/st/stm32cubeide_1.7.0/stm32cubeide/plugins/com.st.stm32cube.ide.mcu.externaltools.gnu-tools-for-stm32.9-2020-q2-update.win32_2.0.0.202105311346/tools/bin/../lib/gcc/arm-none-eabi/9.3.1/thumb/v7e-m+fp/hard/crtn.o
OUTPUT(firmware-pill-dispenser.elf elf32-littlearm)
LOAD linker stubs
LOAD c:/st/stm32cubeide_1.7.0/stm32cubeide/plugins/com.st.stm32cube.ide.mcu.externaltools.gnu-tools-for-stm32.9-2020-q2-update.win32_2.0.0.202105311346/tools/bin/../lib/gcc/arm-none-eabi/9.3.1/../../../../arm-none-eabi/lib/thumb/v7e-m+fp/hard\libc.a
LOAD c:/st/stm32cubeide_1.7.0/stm32cubeide/plugins/com.st.stm32cube.ide.mcu.externaltools.gnu-tools-for-stm32.9-2020-q2-update.win32_2.0.0.202105311346/tools/bin/../lib/gcc/arm-none-eabi/9.3.1/../../../../arm-none-eabi/lib/thumb/v7e-m+fp/hard\libm.a
LOAD c:/st/stm32cubeide_1.7.0/stm32cubeide/plugins/com.st.stm32cube.ide.mcu.externaltools.gnu-tools-for-stm32.9-2020-q2-update.win32_2.0.0.202105311346/tools/bin/../lib/gcc/arm-none-eabi/9.3.1/thumb/v7e-m+fp/hard\libgcc.a

.debug_info     0x0000000000000000    0x13249
 .debug_info    0x0000000000000000      0x60e ./Core/Src/eeprom.o
 .debug_info    0x000000000000060e     0x2a60 ./Core/Src/main.o
 .debug_info    0x000000000000306e      0x363 ./Core/Src/stepper.o
 .debug_info    0x00000000000033d1     0x1463 ./Core/Src/stm32f4xx_hal_msp.o
 .debug_info    0x0000000000004834      0xa5a ./Core/Src/stm32f4xx_it.o
 .debug_info    0x000000000000528e      0x5d0 ./Core/Src/system_stm32f4xx.o
 .debug_info    0x000000000000585e       0x22 ./Core/Startup/startup_stm32f401retx.o
 .debug_info    0x0000000000005880      0x93d ./Drivers/STM32F4xx_HAL_Driver/Src/stm32f4xx_hal.o
 .debug_info    0x00000000000061bd      0xe41 ./Drivers/STM32F4xx_HAL_Driver/Src/stm32f4xx_hal_cortex.o
 .debug_info    0x0000000000006ffe      0x9e9 ./Drivers/STM32F4xx_HAL_Driver/Src/stm32f4xx_hal_dma.o
 .debug_info    0x00000000000079e7      0x674 ./Drivers/STM32F4xx_HAL_Driver/Src/stm32f4xx_hal_flash.o
 .debug_info    0x000000000000805b      0x8fc ./Drivers/STM32F4xx_HAL_Driver/Src/stm32f4xx_hal_flash_ex.o
 .debug_info    0x0000000000008957      0x862 ./Drivers/STM32F4xx_HAL_Driver/Src/stm32f4xx_hal_gpio.o
 .debug_info    0x00000000000091b9      0x9bd ./Drivers/STM32F4xx_HAL_Driver/Src/stm32f4xx_hal_rcc.o
 .debug_info    0x0000000000009b76      0x63d ./Drivers/STM32F4xx_HAL_Driver/Src/stm32f4xx_hal_rcc_ex.o
 .debug_info    0x000000000000a1b3      0xd39 ./Drivers/STM32F4xx_HAL_Driver/Src/stm32f4xx_hal_rtc.o
 .debug_info    0x000000000000aeec      0xfd3 ./Drivers/STM32F4xx_HAL_Driver/Src/stm32f4xx_hal_rtc_ex.o
 .debug_info    0x000000000000bebf     0x2c1a ./Drivers/STM32F4xx_HAL_Driver/Src/stm32f4xx_hal_tim.o
 .debug_info    0x000000000000ead9     0x159a ./Drivers/STM32F4xx_HAL_Driver/Src/stm32f4xx_hal_tim_ex.o
 .debug_info    0x0000000000010073     0x31d6 ./Drivers/STM32F4xx_HAL_Driver/Src/stm32f4xx_hal_uart.o

.debug_abbrev   0x0000000000000000     0x2aee
 .debug_abbrev  0x0000000000000000      0x190 ./Core/Src/eeprom.o
 .debug_abbrev  0x0000000000000190      0x483 ./Core/Src/main.o
 .debug_abbrev  0x0000000000000613      0x19f ./Core/Src/stepper.o
 .debug_abbrev  0x00000000000007b2      0x222 ./Core/Src/stm32f4xx_hal_msp.o
 .debug_abbrev  0x00000000000009d4      0x174 ./Core/Src/stm32f4xx_it.o
 .debug_abbrev  0x0000000000000b48      0x145 ./Core/Src/system_stm32f4xx.o
 .debug_abbrev  0x0000000000000c8d       0x12 ./Core/Startup/startup_stm32f401retx.o
 .debug_abbrev  0x0000000000000c9f      0x21e ./Drivers/STM32F4xx_HAL_Driver/Src/stm32f4xx_hal.o
 .debug_abbrev  0x0000000000000ebd      0x33c ./Drivers/STM32F4xx_HAL_Driver/Src/stm32f4xx_hal_cortex.o
 .debug_abbrev  0x00000000000011f9      0x219 ./Drivers/STM32F4xx_HAL_Driver/Src/stm32f4xx_hal_dma.o
 .debug_abbrev  0x0000000000001412      0x27e ./Drivers/STM32F4xx_HAL_Driver/Src/stm32f4xx_hal_flash.o
 .debug_abbrev  0x0000000000001690      0x26e ./Drivers/STM32F4xx_HAL_Driver/Src/stm32f4xx_hal_flash_ex.o
 .debug_abbrev  0x00000000000018fe      0x1f1 ./Drivers/STM32F4xx_HAL_Driver/Src/stm32f4xx_hal_gpio.o
 .debug_abbrev  0x0000000000001aef      0x275 ./Drivers/STM32F4xx_HAL_Driver/Src/stm32f4xx_hal_rcc.o
 .debug_abbrev  0x0000000000001d64      0x18f ./Drivers/STM32F4xx_HAL_Driver/Src/stm32f4xx_hal_rcc_ex.o
 .debug_abbrev  0x0000000000001ef3      0x1f5 ./Drivers/STM32F4xx_HAL_Driver/Src/stm32f4xx_hal_rtc.o
 .debug_abbrev  0x00000000000020e8      0x224 ./Drivers/STM32F4xx_HAL_Driver/Src/stm32f4xx_hal_rtc_ex.o
 .debug_abbrev  0x000000000000230c      0x26f ./Drivers/STM32F4xx_HAL_Driver/Src/stm32f4xx_hal_tim.o
 .debug_abbrev  0x000000000000257b      0x277 ./Drivers/STM32F4xx_HAL_Driver/Src/stm32f4xx_hal_tim_ex.o
 .debug_abbrev  0x00000000000027f2      0x2fc ./Drivers/STM32F4xx_HAL_Driver/Src/stm32f4xx_hal_uart.o

.debug_aranges  0x0000000000000000     0x1160
 .debug_aranges
                0x0000000000000000       0x58 ./Core/Src/eeprom.o
 .debug_aranges
                0x0000000000000058      0x140 ./Core/Src/main.o
 .debug_aranges
                0x0000000000000198       0x40 ./Core/Src/stepper.o
 .debug_aranges
                0x00000000000001d8       0x58 ./Core/Src/stm32f4xx_hal_msp.o
 .debug_aranges
                0x0000000000000230       0x70 ./Core/Src/stm32f4xx_it.o
 .debug_aranges
                0x00000000000002a0       0x28 ./Core/Src/system_stm32f4xx.o
 .debug_aranges
                0x00000000000002c8       0x28 ./Core/Startup/startup_stm32f401retx.o
 .debug_aranges
                0x00000000000002f0       0xf0 ./Drivers/STM32F4xx_HAL_Driver/Src/stm32f4xx_hal.o
 .debug_aranges
                0x00000000000003e0      0x118 ./Drivers/STM32F4xx_HAL_Driver/Src/stm32f4xx_hal_cortex.o
 .debug_aranges
                0x00000000000004f8       0x90 ./Drivers/STM32F4xx_HAL_Driver/Src/stm32f4xx_hal_dma.o
 .debug_aranges
                0x0000000000000588       0xa0 ./Drivers/STM32F4xx_HAL_Driver/Src/stm32f4xx_hal_flash.o
 .debug_aranges
                0x0000000000000628       0xc8 ./Drivers/STM32F4xx_HAL_Driver/Src/stm32f4xx_hal_flash_ex.o
 .debug_aranges
                0x00000000000006f0       0x58 ./Drivers/STM32F4xx_HAL_Driver/Src/stm32f4xx_hal_gpio.o
 .debug_aranges
                0x0000000000000748       0x88 ./Drivers/STM32F4xx_HAL_Driver/Src/stm32f4xx_hal_rcc.o
 .debug_aranges
                0x00000000000007d0       0x48 ./Drivers/STM32F4xx_HAL_Driver/Src/stm32f4xx_hal_rcc_ex.o
 .debug_aranges
                0x0000000000000818       0xe0 ./Drivers/STM32F4xx_HAL_Driver/Src/stm32f4xx_hal_rtc.o
 .debug_aranges
                0x00000000000008f8      0x130 ./Drivers/STM32F4xx_HAL_Driver/Src/stm32f4xx_hal_rtc_ex.o
 .debug_aranges
                0x0000000000000a28      0x3d0 ./Drivers/STM32F4xx_HAL_Driver/Src/stm32f4xx_hal_tim.o
 .debug_aranges
                0x0000000000000df8      0x168 ./Drivers/STM32F4xx_HAL_Driver/Src/stm32f4xx_hal_tim_ex.o
 .debug_aranges
                0x0000000000000f60      0x200 ./Drivers/STM32F4xx_HAL_Driver/Src/stm32f4xx_hal_uart.o

.debug_ranges   0x0000000000000000     0x1058
 .debug_ranges  0x0000000000000000       0x48 ./Core/Src/eeprom.o
 .debug_ranges  0x0000000000000048      0x130 ./Core/Src/main.o
 .debug_ranges  0x0000000000000178       0x30 ./Core/Src/stepper.o
 .debug_ranges  0x00000000000001a8       0x48 ./Core/Src/stm32f4xx_hal_msp.o
 .debug_ranges  0x00000000000001f0       0x60 ./Core/Src/stm32f4xx_it.o
 .debug_ranges  0x0000000000000250       0x18 ./Core/Src/system_stm32f4xx.o
 .debug_ranges  0x0000000000000268       0x20 ./Core/Startup/startup_stm32f401retx.o
 .debug_ranges  0x0000000000000288       0xe0 ./Drivers/STM32F4xx_HAL_Driver/Src/stm32f4xx_hal.o
 .debug_ranges  0x0000000000000368      0x108 ./Drivers/STM32F4xx_HAL_Driver/Src/stm32f4xx_hal_cortex.o
 .debug_ranges  0x0000000000000470       0x80 ./Drivers/STM32F4xx_HAL_Driver/Src/stm32f4xx_hal_dma.o
 .debug_ranges  0x00000000000004f0       0x90 ./Drivers/STM32F4xx_HAL_Driver/Src/stm32f4xx_hal_flash.o
 .debug_ranges  0x0000000000000580       0xb8 ./Drivers/STM32F4xx_HAL_Driver/Src/stm32f4xx_hal_flash_ex.o
 .debug_ranges  0x0000000000000638       0x48 ./Drivers/STM32F4xx_HAL_Driver/Src/stm32f4xx_hal_gpio.o
 .debug_ranges  0x0000000000000680       0x78 ./Drivers/STM32F4xx_HAL_Driver/Src/stm32f4xx_hal_rcc.o
 .debug_ranges  0x00000000000006f8       0x38 ./Drivers/STM32F4xx_HAL_Driver/Src/stm32f4xx_hal_rcc_ex.o
 .debug_ranges  0x0000000000000730       0xd0 ./Drivers/STM32F4xx_HAL_Driver/Src/stm32f4xx_hal_rtc.o
 .debug_ranges  0x0000000000000800      0x120 ./Drivers/STM32F4xx_HAL_Driver/Src/stm32f4xx_hal_rtc_ex.o
 .debug_ranges  0x0000000000000920      0x3c0 ./Drivers/STM32F4xx_HAL_Driver/Src/stm32f4xx_hal_tim.o
 .debug_ranges  0x0000000000000ce0      0x158 ./Drivers/STM32F4xx_HAL_Driver/Src/stm32f4xx_hal_tim_ex.o
 .debug_ranges  0x0000000000000e38      0x220 ./Drivers/STM32F4xx_HAL_Driver/Src/stm32f4xx_hal_uart.o

.debug_macro    0x0000000000000000    0x16cfd
 .debug_macro   0x0000000000000000      0x1f6 ./Core/Src/eeprom.o
 .debug_macro   0x00000000000001f6      0x2a1 ./Core/Src/eeprom.o
 .debug_macro   0x0000000000000497       0x2e ./Core/Src/eeprom.o
 .debug_macro   0x00000000000004c5       0x28 ./Core/Src/eeprom.o
 .debug_macro   0x00000000000004ed       0x22 ./Core/Src/eeprom.o
 .debug_macro   0x000000000000050f       0x8e ./Core/Src/eeprom.o
 .debug_macro   0x000000000000059d       0x51 ./Core/Src/eeprom.o
 .debug_macro   0x00000000000005ee      0x103 ./Core/Src/eeprom.o
 .debug_macro   0x00000000000006f1       0x6a ./Core/Src/eeprom.o
 .debug_macro   0x000000000000075b      0x1df ./Core/Src/eeprom.o
 .debug_macro   0x000000000000093a       0x1c ./Core/Src/eeprom.o
 .debug_macro   0x0000000000000956       0x22 ./Core/Src/eeprom.o
 .debug_macro   0x0000000000000978       0xdf ./Core/Src/eeprom.o
 .debug_macro   0x0000000000000a57     0x102d ./Core/Src/eeprom.o
 .debug_macro   0x0000000000001a84      0x11f ./Core/Src/eeprom.o
 .debug_macro   0x0000000000001ba3     0xb86c ./Core/Src/eeprom.o
 .debug_macro   0x000000000000d40f       0x6d ./Core/Src/eeprom.o
 .debug_macro   0x000000000000d47c     0x3666 ./Core/Src/eeprom.o
 .debug_macro   0x0000000000010ae2      0x174 ./Core/Src/eeprom.o
 .debug_macro   0x0000000000010c56       0x5c ./Core/Src/eeprom.o
 .debug_macro   0x0000000000010cb2      0x416 ./Core/Src/eeprom.o
 .debug_macro   0x00000000000110c8      0x9fe ./Core/Src/eeprom.o
 .debug_macro   0x0000000000011ac6      0x116 ./Core/Src/eeprom.o
 .debug_macro   0x0000000000011bdc       0xf8 ./Core/Src/eeprom.o
 .debug_macro   0x0000000000011cd4       0xa5 ./Core/Src/eeprom.o
 .debug_macro   0x0000000000011d79      0x15f ./Core/Src/eeprom.o
 .debug_macro   0x0000000000011ed8      0x287 ./Core/Src/eeprom.o
 .debug_macro   0x000000000001215f       0x5f ./Core/Src/eeprom.o
 .debug_macro   0x00000000000121be      0x236 ./Core/Src/eeprom.o
 .debug_macro   0x00000000000123f4      0x132 ./Core/Src/eeprom.o
 .debug_macro   0x0000000000012526      0x264 ./Core/Src/eeprom.o
 .debug_macro   0x000000000001278a       0x2e ./Core/Src/eeprom.o
 .debug_macro   0x00000000000127b8      0x11a ./Core/Src/eeprom.o
 .debug_macro   0x00000000000128d2       0x85 ./Core/Src/eeprom.o
 .debug_macro   0x0000000000012957       0x89 ./Core/Src/eeprom.o
 .debug_macro   0x00000000000129e0      0x31a ./Core/Src/eeprom.o
 .debug_macro   0x0000000000012cfa      0x405 ./Core/Src/eeprom.o
 .debug_macro   0x00000000000130ff       0xe4 ./Core/Src/eeprom.o
 .debug_macro   0x00000000000131e3      0x8d1 ./Core/Src/eeprom.o
 .debug_macro   0x0000000000013ab4       0x47 ./Core/Src/eeprom.o
 .debug_macro   0x0000000000013afb      0x295 ./Core/Src/eeprom.o
 .debug_macro   0x0000000000013d90      0x126 ./Core/Src/eeprom.o
 .debug_macro   0x0000000000013eb6       0x8e ./Core/Src/eeprom.o
 .debug_macro   0x0000000000013f44      0x2f5 ./Core/Src/main.o
 .debug_macro   0x0000000000014239       0xc4 ./Core/Src/main.o
 .debug_macro   0x00000000000142fd       0x22 ./Core/Src/main.o
 .debug_macro   0x000000000001431f       0x52 ./Core/Src/main.o
 .debug_macro   0x0000000000014371       0x18 ./Core/Src/main.o
 .debug_macro   0x0000000000014389       0x3c ./Core/Src/main.o
 .debug_macro   0x00000000000143c5       0x34 ./Core/Src/main.o
 .debug_macro   0x00000000000143f9       0x16 ./Core/Src/main.o
 .debug_macro   0x000000000001440f       0x43 ./Core/Src/main.o
 .debug_macro   0x0000000000014452       0x34 ./Core/Src/main.o
 .debug_macro   0x0000000000014486       0x10 ./Core/Src/main.o
 .debug_macro   0x0000000000014496       0x58 ./Core/Src/main.o
 .debug_macro   0x00000000000144ee       0x71 ./Core/Src/main.o
 .debug_macro   0x000000000001455f       0x1c ./Core/Src/main.o
 .debug_macro   0x000000000001457b      0x12a ./Core/Src/main.o
 .debug_macro   0x00000000000146a5      0x333 ./Core/Src/main.o
 .debug_macro   0x00000000000149d8       0x10 ./Core/Src/main.o
 .debug_macro   0x00000000000149e8       0x35 ./Core/Src/main.o
 .debug_macro   0x0000000000014a1d       0x20 ./Core/Src/main.o
 .debug_macro   0x0000000000014a3d       0x16 ./Core/Src/main.o
 .debug_macro   0x0000000000014a53       0x94 ./Core/Src/main.o
 .debug_macro   0x0000000000014ae7      0x1ff ./Core/Src/stepper.o
 .debug_macro   0x0000000000014ce6       0x16 ./Core/Src/stepper.o
 .debug_macro   0x0000000000014cfc       0xca ./Core/Src/stepper.o
 .debug_macro   0x0000000000014dc6      0x1f6 ./Core/Src/stm32f4xx_hal_msp.o
 .debug_macro   0x0000000000014fbc      0x200 ./Core/Src/stm32f4xx_it.o
 .debug_macro   0x00000000000151bc      0x1e7 ./Core/Src/system_stm32f4xx.o
 .debug_macro   0x00000000000153a3      0x247 ./Drivers/STM32F4xx_HAL_Driver/Src/stm32f4xx_hal.o
 .debug_macro   0x00000000000155ea      0x1e7 ./Drivers/STM32F4xx_HAL_Driver/Src/stm32f4xx_hal_cortex.o
 .debug_macro   0x00000000000157d1      0x1ed ./Drivers/STM32F4xx_HAL_Driver/Src/stm32f4xx_hal_dma.o
 .debug_macro   0x00000000000159be      0x1ed ./Drivers/STM32F4xx_HAL_Driver/Src/stm32f4xx_hal_flash.o
 .debug_macro   0x0000000000015bab      0x1ed ./Drivers/STM32F4xx_HAL_Driver/Src/stm32f4xx_hal_flash_ex.o
 .debug_macro   0x0000000000015d98      0x1ed ./Drivers/STM32F4xx_HAL_Driver/Src/stm32f4xx_hal_gpio.o
 .debug_macro   0x0000000000015f85      0x20b ./Drivers/STM32F4xx_HAL_Driver/Src/stm32f4xx_hal_rcc.o
 .debug_macro   0x0000000000016190      0x1e7 ./Drivers/STM32F4xx_HAL_Driver/Src/stm32f4xx_hal_rcc_ex.o
 .debug_macro   0x0000000000016377      0x1e8 ./Drivers/STM32F4xx_HAL_Driver/Src/stm32f4xx_hal_rtc.o
 .debug_macro   0x000000000001655f      0x1e7 ./Drivers/STM32F4xx_HAL_Driver/Src/stm32f4xx_hal_rtc_ex.o
 .debug_macro   0x0000000000016746      0x1e8 ./Drivers/STM32F4xx_HAL_Driver/Src/stm32f4xx_hal_tim.o
 .debug_macro   0x000000000001692e      0x1e7 ./Drivers/STM32F4xx_HAL_Driver/Src/stm32f4xx_hal_tim_ex.o
 .debug_macro   0x0000000000016b15      0x1e8 ./Drivers/STM32F4xx_HAL_Driver/Src/stm32f4xx_hal_uart.o

.debug_line     0x0000000000000000    0x1391e
 .debug_line    0x0000000000000000      0xaeb ./Core/Src/eeprom.o
 .debug_line    0x0000000000000aeb     0x11bc ./Core/Src/main.o
 .debug_line    0x0000000000001ca7      0x795 ./Core/Src/stepper.o
 .debug_line    0x000000000000243c      0x851 ./Core/Src/stm32f4xx_hal_msp.o
 .debug_line    0x0000000000002c8d      0x7ea ./Core/Src/stm32f4xx_it.o
 .debug_line    0x0000000000003477      0x779 ./Core/Src/system_stm32f4xx.o
 .debug_line    0x0000000000003bf0       0x88 ./Core/Startup/startup_stm32f401retx.o
 .debug_line    0x0000000000003c78      0x9df ./Drivers/STM32F4xx_HAL_Driver/Src/stm32f4xx_hal.o
 .debug_line    0x0000000000004657      0xc8e ./Drivers/STM32F4xx_HAL_Driver/Src/stm32f4xx_hal_cortex.o
 .debug_line    0x00000000000052e5      0xf44 ./Drivers/STM32F4xx_HAL_Driver/Src/stm32f4xx_hal_dma.o
 .debug_line    0x0000000000006229      0xa71 ./Drivers/STM32F4xx_HAL_Driver/Src/stm32f4xx_hal_flash.o
 .debug_line    0x0000000000006c9a      0xb83 ./Drivers/STM32F4xx_HAL_Driver/Src/stm32f4xx_hal_flash_ex.o
 .debug_line    0x000000000000781d      0xb19 ./Drivers/STM32F4xx_HAL_Driver/Src/stm32f4xx_hal_gpio.o
 .debug_line    0x0000000000008336      0xd5b ./Drivers/STM32F4xx_HAL_Driver/Src/stm32f4xx_hal_rcc.o
 .debug_line    0x0000000000009091      0xa0d ./Drivers/STM32F4xx_HAL_Driver/Src/stm32f4xx_hal_rcc_ex.o
 .debug_line    0x0000000000009a9e     0x1135 ./Drivers/STM32F4xx_HAL_Driver/Src/stm32f4xx_hal_rtc.o
 .debug_line    0x000000000000abd3     0x14c1 ./Drivers/STM32F4xx_HAL_Driver/Src/stm32f4xx_hal_rtc_ex.o
 .debug_line    0x000000000000c094     0x34ad ./Drivers/STM32F4xx_HAL_Driver/Src/stm32f4xx_hal_tim.o
 .debug_line    0x000000000000f541     0x1977 ./Drivers/STM32F4xx_HAL_Driver/Src/stm32f4xx_hal_tim_ex.o
 .debug_line    0x0000000000010eb8     0x2a66 ./Drivers/STM32F4xx_HAL_Driver/Src/stm32f4xx_hal_uart.o

.debug_str      0x0000000000000000    0x93d2f
 .debug_str     0x0000000000000000    0x8b442 ./Core/Src/eeprom.o
                                      0x8b729 (size before relaxing)
 .debug_str     0x000000000008b442     0x4ba8 ./Core/Src/main.o
                                      0x902cb (size before relaxing)
 .debug_str     0x000000000008ffea       0x60 ./Core/Src/stepper.o
                                      0x8b584 (size before relaxing)
 .debug_str     0x000000000009004a      0x4ce ./Core/Src/stm32f4xx_hal_msp.o
                                      0x8c3c7 (size before relaxing)
 .debug_str     0x0000000000090518       0xe4 ./Core/Src/stm32f4xx_it.o
                                      0x8bb50 (size before relaxing)
 .debug_str     0x00000000000905fc       0xaf ./Core/Src/system_stm32f4xx.o
                                      0x8b366 (size before relaxing)
 .debug_str     0x00000000000906ab       0x36 ./Core/Startup/startup_stm32f401retx.o
                                         0x7e (size before relaxing)
 .debug_str     0x00000000000906e1      0x57b ./Drivers/STM32F4xx_HAL_Driver/Src/stm32f4xx_hal.o
                                      0x8bce6 (size before relaxing)
 .debug_str     0x0000000000090c5c      0x399 ./Drivers/STM32F4xx_HAL_Driver/Src/stm32f4xx_hal_cortex.o
                                      0x8bac3 (size before relaxing)
 .debug_str     0x0000000000090ff5      0x31d ./Drivers/STM32F4xx_HAL_Driver/Src/stm32f4xx_hal_dma.o
                                      0x8b77e (size before relaxing)
 .debug_str     0x0000000000091312      0x2a9 ./Drivers/STM32F4xx_HAL_Driver/Src/stm32f4xx_hal_flash.o
                                      0x8b53f (size before relaxing)
 .debug_str     0x00000000000915bb      0x2ce ./Drivers/STM32F4xx_HAL_Driver/Src/stm32f4xx_hal_flash_ex.o
                                      0x8b678 (size before relaxing)
 .debug_str     0x0000000000091889      0x15f ./Drivers/STM32F4xx_HAL_Driver/Src/stm32f4xx_hal_gpio.o
                                      0x8b50d (size before relaxing)
 .debug_str     0x00000000000919e8      0x24e ./Drivers/STM32F4xx_HAL_Driver/Src/stm32f4xx_hal_rcc.o
                                      0x8b768 (size before relaxing)
 .debug_str     0x0000000000091c36      0x113 ./Drivers/STM32F4xx_HAL_Driver/Src/stm32f4xx_hal_rcc_ex.o
                                      0x8b4c1 (size before relaxing)
 .debug_str     0x0000000000091d49      0x217 ./Drivers/STM32F4xx_HAL_Driver/Src/stm32f4xx_hal_rtc.o
                                      0x8b79d (size before relaxing)
 .debug_str     0x0000000000091f60      0x56f ./Drivers/STM32F4xx_HAL_Driver/Src/stm32f4xx_hal_rtc_ex.o
                                      0x8ba5c (size before relaxing)
 .debug_str     0x00000000000924cf      0xd86 ./Drivers/STM32F4xx_HAL_Driver/Src/stm32f4xx_hal_tim.o
                                      0x8c683 (size before relaxing)
 .debug_str     0x0000000000093255      0x4ee ./Drivers/STM32F4xx_HAL_Driver/Src/stm32f4xx_hal_tim_ex.o
                                      0x8be34 (size before relaxing)
 .debug_str     0x0000000000093743      0x5ec ./Drivers/STM32F4xx_HAL_Driver/Src/stm32f4xx_hal_uart.o
                                      0x8bcdc (size before relaxing)

.comment        0x0000000000000000       0x53
 .comment       0x0000000000000000       0x53 ./Core/Src/eeprom.o
                                         0x54 (size before relaxing)
 .comment       0x0000000000000053       0x54 ./Core/Src/main.o
 .comment       0x0000000000000053       0x54 ./Core/Src/stepper.o
 .comment       0x0000000000000053       0x54 ./Core/Src/stm32f4xx_hal_msp.o
 .comment       0x0000000000000053       0x54 ./Core/Src/stm32f4xx_it.o
 .comment       0x0000000000000053       0x54 ./Core/Src/system_stm32f4xx.o
 .comment       0x0000000000000053       0x54 ./Drivers/STM32F4xx_HAL_Driver/Src/stm32f4xx_hal.o
 .comment       0x0000000000000053       0x54 ./Drivers/STM32F4xx_HAL_Driver/Src/stm32f4xx_hal_cortex.o
 .comment       0x0000000000000053       0x54 ./Drivers/STM32F4xx_HAL_Driver/Src/stm32f4xx_hal_dma.o
 .comment       0x0000000000000053       0x54 ./Drivers/STM32F4xx_HAL_Driver/Src/stm32f4xx_hal_flash.o
 .comment       0x0000000000000053       0x54 ./Drivers/STM32F4xx_HAL_Driver/Src/stm32f4xx_hal_flash_ex.o
 .comment       0x0000000000000053       0x54 ./Drivers/STM32F4xx_HAL_Driver/Src/stm32f4xx_hal_gpio.o
 .comment       0x0000000000000053       0x54 ./Drivers/STM32F4xx_HAL_Driver/Src/stm32f4xx_hal_rcc.o
 .comment       0x0000000000000053       0x54 ./Drivers/STM32F4xx_HAL_Driver/Src/stm32f4xx_hal_rcc_ex.o
 .comment       0x0000000000000053       0x54 ./Drivers/STM32F4xx_HAL_Driver/Src/stm32f4xx_hal_rtc.o
 .comment       0x0000000000000053       0x54 ./Drivers/STM32F4xx_HAL_Driver/Src/stm32f4xx_hal_rtc_ex.o
 .comment       0x0000000000000053       0x54 ./Drivers/STM32F4xx_HAL_Driver/Src/stm32f4xx_hal_tim.o
 .comment       0x0000000000000053       0x54 ./Drivers/STM32F4xx_HAL_Driver/Src/stm32f4xx_hal_tim_ex.o
 .comment       0x0000000000000053       0x54 ./Drivers/STM32F4xx_HAL_Driver/Src/stm32f4xx_hal_uart.o

.debug_frame    0x0000000000000000     0x4918
 .debug_frame   0x0000000000000000      0x13c ./Core/Src/eeprom.o
 .debug_frame   0x000000000000013c      0x530 ./Core/Src/main.o
 .debug_frame   0x000000000000066c       0xcc ./Core/Src/stepper.o
 .debug_frame   0x0000000000000738      0x138 ./Core/Src/stm32f4xx_hal_msp.o
 .debug_frame   0x0000000000000870      0x13c ./Core/Src/stm32f4xx_it.o
 .debug_frame   0x00000000000009ac       0x58 ./Core/Src/system_stm32f4xx.o
 .debug_frame   0x0000000000000a04      0x374 ./Drivers/STM32F4xx_HAL_Driver/Src/stm32f4xx_hal.o
 .debug_frame   0x0000000000000d78      0x498 ./Drivers/STM32F4xx_HAL_Driver/Src/stm32f4xx_hal_cortex.o
 .debug_frame   0x0000000000001210      0x250 ./Drivers/STM32F4xx_HAL_Driver/Src/stm32f4xx_hal_dma.o
 .debug_frame   0x0000000000001460      0x274 ./Drivers/STM32F4xx_HAL_Driver/Src/stm32f4xx_hal_flash.o
 .debug_frame   0x00000000000016d4      0x334 ./Drivers/STM32F4xx_HAL_Driver/Src/stm32f4xx_hal_flash_ex.o
 .debug_frame   0x0000000000001a08      0x14c ./Drivers/STM32F4xx_HAL_Driver/Src/stm32f4xx_hal_gpio.o
 .debug_frame   0x0000000000001b54      0x1f0 ./Drivers/STM32F4xx_HAL_Driver/Src/stm32f4xx_hal_rcc.o
 .debug_frame   0x0000000000001d44       0xf0 ./Drivers/STM32F4xx_HAL_Driver/Src/stm32f4xx_hal_rcc_ex.o
 .debug_frame   0x0000000000001e34      0x3d0 ./Drivers/STM32F4xx_HAL_Driver/Src/stm32f4xx_hal_rtc.o
 .debug_frame   0x0000000000002204      0x548 ./Drivers/STM32F4xx_HAL_Driver/Src/stm32f4xx_hal_rtc_ex.o
 .debug_frame   0x000000000000274c     0x11bc ./Drivers/STM32F4xx_HAL_Driver/Src/stm32f4xx_hal_tim.o
 .debug_frame   0x0000000000003908      0x638 ./Drivers/STM32F4xx_HAL_Driver/Src/stm32f4xx_hal_tim_ex.o
 .debug_frame   0x0000000000003f40      0x92c ./Drivers/STM32F4xx_HAL_Driver/Src/stm32f4xx_hal_uart.o
 .debug_frame   0x000000000000486c       0x2c c:/st/stm32cubeide_1.7.0/stm32cubeide/plugins/com.st.stm32cube.ide.mcu.externaltools.gnu-tools-for-stm32.9-2020-q2-update.win32_2.0.0.202105311346/tools/bin/../lib/gcc/arm-none-eabi/9.3.1/../../../../arm-none-eabi/lib/thumb/v7e-m+fp/hard\libc_nano.a(lib_a-init.o)
 .debug_frame   0x0000000000004898       0x20 c:/st/stm32cubeide_1.7.0/stm32cubeide/plugins/com.st.stm32cube.ide.mcu.externaltools.gnu-tools-for-stm32.9-2020-q2-update.win32_2.0.0.202105311346/tools/bin/../lib/gcc/arm-none-eabi/9.3.1/../../../../arm-none-eabi/lib/thumb/v7e-m+fp/hard\libc_nano.a(lib_a-memset.o)
 .debug_frame   0x00000000000048b8       0x2c c:/st/stm32cubeide_1.7.0/stm32cubeide/plugins/com.st.stm32cube.ide.mcu.externaltools.gnu-tools-for-stm32.9-2020-q2-update.win32_2.0.0.202105311346/tools/bin/../lib/gcc/arm-none-eabi/9.3.1/thumb/v7e-m+fp/hard\libgcc.a(_aeabi_uldivmod.o)
 .debug_frame   0x00000000000048e4       0x34 c:/st/stm32cubeide_1.7.0/stm32cubeide/plugins/com.st.stm32cube.ide.mcu.externaltools.gnu-tools-for-stm32.9-2020-q2-update.win32_2.0.0.202105311346/tools/bin/../lib/gcc/arm-none-eabi/9.3.1/thumb/v7e-m+fp/hard\libgcc.a(_udivmoddi4.o)
