main.c:48:1:my_message_queue_init	16	static
main.c:48:1:my_message_queue_enqueue	32	static
main.c:48:1:my_message_queue_dequeue	32	static
main.c:48:1:my_message_queue_is_empty	16	static
main.c:98:6:stepper_set_rpm	16	static
main.c:103:6:stepper_wave_drive	16	static
main.c:139:6:stepper_step_angle	48	static
main.c:167:6:Debug	16	static
main.c:172:6:Send_Bluettoh_Data	16	static
main.c:177:6:IsAlive	16	static
main.c:183:6:SetConfigDispenserTime	16	static
main.c:195:6:GetConfigDispenserTime	24	static
main.c:208:6:UpdateRTC	8	static
main.c:230:6:GetRTC	16	static
main.c:245:1:StartInsertionProcess	24	static
main.c:254:6:Command	16	static
main.c:287:6:HAL_UART_RxCpltCallback	32	static
main.c:297:6:HAL_RTC_AlarmAEventCallback	48	static
main.c:330:6:HAL_GPIO_EXTI_Callback	16	static,ignoring_inline_asm
main.c:352:6:StartDispenserRotationProcess	16	static
main.c:361:6:StopDispenserRotationProcess	8	static
main.c:376:5:main	24	static
main.c:439:6:SystemClock_Config	88	static
main.c:485:13:MX_RTC_Init	72	static
main.c:565:13:MX_TIM1_Init	32	static
main.c:611:13:MX_TIM3_Init	64	static
main.c:674:13:MX_USART1_UART_Init	8	static
main.c:707:13:MX_USART2_UART_Init	8	static
main.c:740:13:MX_GPIO_Init	48	static
main.c:802:6:Error_Handler	4	static,ignoring_inline_asm
