main.c:49:1:my_message_queue_init	16	static
main.c:49:1:my_message_queue_enqueue	32	static
main.c:49:1:my_message_queue_dequeue	32	static
main.c:49:1:my_message_queue_is_empty	16	static
main.c:105:6:Debug	16	static
main.c:110:6:Send_Bluettoh_Data	16	static
main.c:115:6:IsAlive	16	static
main.c:121:1:SetSlotPillInserted	16	static
main.c:133:6:GetSlotsPillsInserted	184	static
main.c:147:6:SetConfigDispenserTime	32	static
main.c:161:6:GetConfigDispenserTime	184	static
main.c:175:6:LoadConfigDispenserTime	184	static
main.c:193:6:UpdateRTC	8	static
main.c:215:6:GetRTC	16	static
main.c:230:6:StartDispenserRotationProcess	24	static
main.c:256:1:FinishDispenserRotationProcess	16	static
main.c:262:1:StartInsertionProcess	24	static
main.c:271:1:FinishInsetionProcess	16	static
main.c:277:6:Command	16	static
main.c:326:6:HAL_UART_RxCpltCallback	32	static
main.c:336:6:HAL_RTC_AlarmAEventCallback	64	static
main.c:374:6:stepper_step_angle	56	static
main.c:436:1:goToPosition	24	static
main.c:456:1:startBuzzer	16	static
main.c:462:1:stopBuzzer	8	static
main.c:467:1:dipenserAlarm	32	static
main.c:492:1:goHome	16	static
main.c:505:1:GetPosition	16	static
main.c:520:5:main	24	static
main.c:587:6:SystemClock_Config	88	static
main.c:633:13:MX_RTC_Init	72	static
main.c:713:13:MX_TIM1_Init	32	static
main.c:759:13:MX_TIM3_Init	64	static
main.c:822:13:MX_USART1_UART_Init	8	static
main.c:855:13:MX_USART2_UART_Init	8	static
main.c:888:13:MX_GPIO_Init	48	static
main.c:952:6:Error_Handler	4	static,ignoring_inline_asm
